2017-07-27 11:16:43


parameters
	bl2seq_extend_hsp	25
	bl2seq_extend_span	50
	candidate_blastopts	-p blastx -M BLOSUM80 -e 1E-5 -g F -v 0 -F \"\" -z 3000000 -b 1000
	candidate_evalue	
	candidate_overlap_threshold	0.8
	candidate_refdb	
	command_line	/usr/local/devel/VIRIFX/software/VIGOR3/prod3/VIGOR3.pl -D rsv -O /home/snettem/vigor_new/rsv/PRODUCTION/rsv -i /usr/local/devel/VIRIFX/software/VIGOR3.r19/regr_testing/rsv.fasta
	default_gene_optional	0
	default_gene_required	1
	default_gene_variation	1
	frameshift_sensitivity	1
	gene_variations	
	jcvi_rules	1
	mature_pep_mincoverage	50
	mature_pep_minidentity	25
	mature_pep_minsimilarity	40
	mature_pep_refdb	/usr/local/devel/VIRIFX/software/VIGOR3.r19/data3/virus_mp
	max_intron_size	7000
	min_candidate_pctsimilarity	60
	min_candidate_sbjcoverage	33
	min_exon_size	3
	min_intron_size	30
	min_pseudogene_coverage	80
	min_pseudogene_identity	70
	min_pseudogene_similarity	80
	noncanonical_splicing_genes	
	optional_genes	
	reference_db	/usr/local/devel/VIRIFX/software/VIGOR3.r19/data3/rsv_db
	reference_dbsize	210999
	required_genes	
	ribosomal_slippage_genes	
	rna_editing_genes	
	selectivity	0.985
	slippage_frameshift	-1
	slippage_motif	[NT][NT][NT]AAAC
	slippage_offset	0
	spliced_genes	
	splicesite_extend_range	0
	tile_overlap	1000000
	tile_size	10000000
	use_locus_tags	1
	variation	0.975
	verbose	0
	vigorspace	/usr/local/devel/VIRIFX/software/VIGOR3.r19/prod3/vigorscratch/363326.225037785


Sequence               Length  Genes  Pseudogenes  CDS Bases  Peptide Bases  %Ref Identity  %Ref Similarity  %Ref Coverage   Ref DB
rsv_part1                1800      3            0       1553            515          100.0            100.0           78.7   rsv_db
gaps: 

gene_id            %id    %sim   %cov   %t5   %gap  %t3   start..stop      pep sz ref sz ref id            definition
rsv_part1.1        100.0  100.0  78.4   21.6  0.0   0.0   <1..332          109    139    AEQ63513.1        NS1 | putative non-structural protein 1,
                                                                                                           C-terminal
rsv_part1.2        100.0  100.0  100.0  0.0   0.0   0.0   442..816         124    124    CBW45446.1        NS2 | non-structural protein 2
rsv_part1.3        100.0  100.0  72.1   0.0   0.0   27.9  954..>1800       282    391    AEQ63526.1        N | putative nucleoprotein, N-terminal


Sequence               Length  Genes  Pseudogenes  CDS Bases  Peptide Bases  %Ref Identity  %Ref Similarity  %Ref Coverage   Ref DB
rsv_part2                1464      1            0       1324            440          100.0            100.0           20.3   rsv_db
gaps: 

gene_id            %id    %sim   %cov   %t5   %gap  %t3   start..stop      pep sz ref sz ref id            definition
rsv_part2.1        100.0  100.0  20.3   79.7  0.0   0.0   <1..1324         440    2165   AEQ63523.1        L | putative RNA-directed RNA polymerase L,
                                                                                                           C-terminal


Sequence               Length  Genes  Pseudogenes  CDS Bases  Peptide Bases  %Ref Identity  %Ref Similarity  %Ref Coverage   Ref DB
RSV_DRAFT               14265     21            0      11488           3810          100.0            100.0           27.3   rsv_db
gaps: 18-57, 1387-1497, 1801-1860, 4201-4260, 4437-4680, 4741-4765, 5341-5400, 5605-5636, 5781-5816, 5887-5937, 10201-10260, 11485-11517, 13201-13983

gene_id            %id    %sim   %cov   %t5   %gap  %t3   start..stop      pep sz ref sz ref id            definition
RSV_DRAFT.1a       100.0  100.0  3.6    36.0  0.0   60.4  <1..>17          5      139    AEQ63513.1        NS1 | putative non-structural protein 1, fragment
RSV_DRAFT.1b       100.0  100.0  50.4   49.6  0.0   0.0   <58..272         70     139    AEQ63513.1        NS1 | putative non-structural protein 1,
                                                                                                           C-terminal
RSV_DRAFT.2        100.0  100.0  100.0  0.0   0.0   0.0   382..756         124    124    CBW45446.1        NS2 | non-structural protein 2
RSV_DRAFT.3a       100.0  100.0  41.9   0.0   0.0   58.1  894..>1386       164    391    AEQ63526.1        N | putative nucleoprotein, N-terminal
RSV_DRAFT.3b       100.0  100.0  25.6   51.7  0.0   22.8  <1498..>1800     100    391    AEQ63526.1        N | putative nucleoprotein, fragment
RSV_DRAFT.3c       100.0  100.0  17.4   82.6  0.0   0.0   <1861..2069      68     391    AEQ63526.1        N | putative nucleoprotein, C-terminal
RSV_DRAFT.4        100.0  100.0  100.0  0.0   0.0   0.0   2101..2826       241    241    AEQ63549.1        P | phosphoprotein
RSV_DRAFT.5        100.0  100.0  100.0  0.0   0.0   0.0   3009..3779       256    256    MATRX_HRSVA       M | matrix protein
RSV_DRAFT.6        100.0  100.0  78.1   0.0   0.0   21.9  4050..>4199      50     64     ABV24776.1        SH | putative small hydrophobic protein,
                                                                                                           N-terminal
RSV_DRAFT.7a       100.0  100.0  6.7    27.5  0.0   65.8  <4681..>4740     20     298    AEQ63519.1        G | putative attachment glycoprotein, fragment
RSV_DRAFT.7b       100.0  100.0  62.8   37.2  0.0   0.0   <4766..5331      187    298    AEQ63519.1        G | putative attachment glycoprotein, C-terminal
RSV_DRAFT.8a       100.0  100.0  11.3   0.0   0.0   88.7  5408..>5604      65     574    AEQ63520.1        F | putative fusion glycoprotein, N-terminal
RSV_DRAFT.8b       100.0  100.0  8.2    13.4  0.0   78.4  <5637..>5780     47     574    AEQ63520.1        F | putative fusion glycoprotein, fragment
RSV_DRAFT.8c       100.0  100.0  3.8    23.9  0.0   72.3  <5817..>5886     22     574    AEQ63520.1        F | putative fusion glycoprotein, fragment
RSV_DRAFT.8d       99.7   100.0  69.2   30.8  0.0   0.0   <5938..7132      397    574    AEQ63520.1        F | putative fusion glycoprotein, C-terminal
RSV_DRAFT.9        100.0  100.0  100.0  0.0   0.0   0.0   7351..7935       194    194    AEQ63532.1        M2-1 | transcription elongation factor M2-1
RSV_DRAFT.10       100.0  100.0  100.0  0.0   0.0   0.0   7910..8176       88     88     AEQ63555.1        M2-2 | transcription-replication factor M2-2
RSV_DRAFT.11a      100.0  100.0  30.1   0.0   0.0   69.9  8243..>10200     652    2165   AEQ63523.1        L | putative RNA-directed RNA polymerase L,
                                                                                                           N-terminal
RSV_DRAFT.11b      100.0  100.0  18.8   31.1  0.0   50.1  <10261..>11484   407    2165   AEQ63523.1        L | putative RNA-directed RNA polymerase L,
                                                                                                           fragment
RSV_DRAFT.11c      100.0  100.0  25.9   50.4  0.0   23.7  <11518..>13200   560    2165   AEQ63523.1        L | putative RNA-directed RNA polymerase L,
                                                                                                           fragment
RSV_DRAFT.11d      100.0  100.0  4.3    88.4  0.0   7.3   <13984..>14265   93     2165   AEQ63523.1        L | putative RNA-directed RNA polymerase L,
                                                                                                           fragment


Sequence               Length  Genes  Pseudogenes  CDS Bases  Peptide Bases  %Ref Identity  %Ref Similarity  %Ref Coverage   Ref DB
149                     15193     11            0      13635           4534          100.0            100.0          100.0   rsv_db
gaps: 

gene_id            %id    %sim   %cov   %t5   %gap  %t3   start..stop      pep sz ref sz ref id            definition
149.1              100.0  100.0  100.0  0.0   0.0   0.0   93..512          139    139    CBW45425.1        NS1 | non-structural protein 1
149.2              100.0  100.0  100.0  0.0   0.0   0.0   622..996         124    124    CBW45446.1        NS2 | non-structural protein 2
149.3              100.0  100.0  100.0  0.0   0.0   0.0   1134..2309       391    391    AEQ63526.1        N | nucleoprotein
149.4              100.0  100.0  100.0  0.0   0.0   0.0   2341..3066       241    241    AEQ63549.1        P | phosphoprotein
149.5              100.0  100.0  100.0  0.0   0.0   0.0   3249..4019       256    256    MATRX_HRSVA       M | matrix protein
149.6              98.4   100.0  100.0  0.0   0.0   0.0   4290..4484       64     64     SH_HRSVA          SH | small hydrophobic protein
149.7              100.0  100.0  100.0  0.0   0.0   0.0   4675..5571       298    298    AEQ63519.1        G | attachment glycoprotein
149.8              99.8   100.0  100.0  0.0   0.0   0.0   5648..7372       574    574    AEQ63520.1        F | fusion glycoprotein
149.9              100.0  100.0  100.0  0.0   0.0   0.0   7591..8175       194    194    AEQ63532.1        M2-1 | transcription elongation factor M2-1
149.10             100.0  100.0  100.0  0.0   0.0   0.0   8150..8416       88     88     AEQ63555.1        M2-2 | transcription-replication factor M2-2
149.11             100.0  100.0  100.0  0.0   0.0   0.0   8483..14980      2165   2165   AEQ63523.1        L | RNA-directed RNA polymerase L


Sequence               Length  Genes  Pseudogenes  CDS Bases  Peptide Bases  %Ref Identity  %Ref Similarity  %Ref Coverage   Ref DB
30                      15280     11            0      13686           4551           99.7             99.9          100.0   rsv_db
gaps: 

gene_id            %id    %sim   %cov   %t5   %gap  %t3   start..stop      pep sz ref sz ref id            definition
30.1               100.0  100.0  100.0  0.0   0.0   0.0   108..527         139    139    CBW45487.1        NS1 | non-structural protein 1
30.2               100.0  100.0  100.0  0.0   0.0   0.0   635..1009        124    124    CBW45480.1        NS2 | non-structural protein 2
30.3               99.7   100.0  100.0  0.0   0.0   0.0   1148..2323       391    391    AFI25246.1        N | nucleoprotein
30.4               99.6   99.9   100.0  0.0   0.0   0.0   2356..3081       241    241    AFI25258.1        P | phosphoprotein
30.5               100.0  100.0  100.0  0.0   0.0   0.0   3271..4041       256    256    AAR14263.1        M | matrix protein
30.6               100.0  100.0  100.0  0.0   0.0   0.0   4310..4507       65     65     AFI25260.1        SH | small hydrophobic protein
30.7               98.4   99.2   100.0  0.0   0.0   0.0   4697..5629       310    310    AEI99602.1        G | attachment glycoprotein
30.8               99.5   100.0  100.0  0.0   0.0   0.0   5727..7451       574    574    AFD34262.1        F | fusion glycoprotein
30.9               99.5   99.9   100.0  0.0   0.0   0.0   7678..8265       195    195    AFI25252.1        M2-1 | transcription elongation factor M2-1
30.10              100.0  100.0  100.0  0.0   0.0   0.0   8231..8503       90     90     AFI25264.1        M2-2 | transcription-replication factor M2-2
30.11              99.8   99.9   100.0  0.0   0.0   0.0   8569..15069      2166   2166   AFI25265.1        L | RNA-directed RNA polymerase L


Sequence               Length  Genes  Pseudogenes  CDS Bases  Peptide Bases  %Ref Identity  %Ref Similarity  %Ref Coverage   Ref DB
123                     15249     11            0      13686           4551           99.6             99.9          100.0   rsv_db
gaps: 

gene_id            %id    %sim   %cov   %t5   %gap  %t3   start..stop      pep sz ref sz ref id            definition
123.1              100.0  100.0  100.0  0.0   0.0   0.0   77..496          139    139    CBW45487.1        NS1 | non-structural protein 1
123.2              100.0  100.0  100.0  0.0   0.0   0.0   604..978         124    124    NP_056857.1       NS2 | non-structural protein 2
123.3              99.7   100.0  100.0  0.0   0.0   0.0   1117..2292       391    391    AFI25246.1        N | nucleoprotein
123.4              100.0  100.0  100.0  0.0   0.0   0.0   2325..3050       241    241    AFI25258.1        P | phosphoprotein
123.5              100.0  100.0  100.0  0.0   0.0   0.0   3240..4010       256    256    AFI25259.1        M | matrix protein
123.6              100.0  100.0  100.0  0.0   0.0   0.0   4279..4476       65     65     AFI25260.1        SH | small hydrophobic protein
123.7              97.7   99.5   100.0  0.0   0.0   0.0   4666..5598       310    310    ABB16944.1        G | attachment glycoprotein
123.8              99.7   100.0  100.0  0.0   0.0   0.0   5696..7420       574    574    AFD34266.1        F | fusion glycoprotein
123.9              99.0   99.7   100.0  0.0   0.0   0.0   7647..8234       195    195    AFI25252.1        M2-1 | transcription elongation factor M2-1
123.10             100.0  100.0  100.0  0.0   0.0   0.0   8200..8472       90     90     AFI25264.1        M2-2 | transcription-replication factor M2-2
123.11             99.7   99.9   100.0  0.0   0.0   0.0   8538..15038      2166   2166   AFI25265.1        L | RNA-directed RNA polymerase L


Sequence               Length  Genes  Pseudogenes  CDS Bases  Peptide Bases  %Ref Identity  %Ref Similarity  %Ref Coverage   Ref DB
154                     15194     11            0      13635           4534           99.8             99.9          100.0   rsv_db
gaps: 

gene_id            %id    %sim   %cov   %t5   %gap  %t3   start..stop      pep sz ref sz ref id            definition
154.1              99.3   99.3   100.0  0.0   0.0   0.0   93..512          139    139    CBW45425.1        NS1 | non-structural protein 1
154.2              100.0  100.0  100.0  0.0   0.0   0.0   622..996         124    124    CBW45446.1        NS2 | non-structural protein 2
154.3              99.7   100.0  100.0  0.0   0.0   0.0   1134..2309       391    391    AEQ63526.1        N | nucleoprotein
154.4              100.0  100.0  100.0  0.0   0.0   0.0   2341..3066       241    241    AEQ63549.1        P | phosphoprotein
154.5              100.0  100.0  100.0  0.0   0.0   0.0   3249..4019       256    256    MATRX_HRSVA       M | matrix protein
154.6              100.0  100.0  100.0  0.0   0.0   0.0   4290..4484       64     64     SH_HRSVA          SH | small hydrophobic protein
154.7              99.0   99.3   100.0  0.0   0.0   0.0   4675..5571       298    298    AEQ63519.1        G | attachment glycoprotein
154.8              99.8   99.8   100.0  0.0   0.0   0.0   5648..7372       574    574    AEQ63520.1        F | fusion glycoprotein
154.9              100.0  100.0  100.0  0.0   0.0   0.0   7591..8175       194    194    AEQ63532.1        M2-1 | transcription elongation factor M2-1
154.10             100.0  100.0  100.0  0.0   0.0   0.0   8150..8416       88     88     AEQ63555.1        M2-2 | transcription-replication factor M2-2
154.11             99.9   99.9   100.0  0.0   0.0   0.0   8483..14980      2165   2165   AEQ63523.1        L | RNA-directed RNA polymerase L


Sequence               Length  Genes  Pseudogenes  CDS Bases  Peptide Bases  %Ref Identity  %Ref Similarity  %Ref Coverage   Ref DB
150                     15194     11            0      13635           4534           99.7             99.9          100.0   rsv_db
gaps: 

gene_id            %id    %sim   %cov   %t5   %gap  %t3   start..stop      pep sz ref sz ref id            definition
150.1              100.0  100.0  100.0  0.0   0.0   0.0   93..512          139    139    CBW45425.1        NS1 | non-structural protein 1
150.2              100.0  100.0  100.0  0.0   0.0   0.0   622..996         124    124    CBW45426.1        NS2 | non-structural protein 2
150.3              100.0  100.0  100.0  0.0   0.0   0.0   1134..2309       391    391    AEQ63471.1        N | nucleoprotein
150.4              100.0  100.0  100.0  0.0   0.0   0.0   2341..3066       241    241    AEQ63571.1        P | phosphoprotein
150.5              99.6   100.0  100.0  0.0   0.0   0.0   3250..4020       256    256    MATRX_HRSVA       M | matrix protein
150.6              100.0  100.0  100.0  0.0   0.0   0.0   4291..4485       64     64     SH_HRSVA          SH | small hydrophobic protein
150.7              98.3   99.2   100.0  0.0   0.0   0.0   4676..5572       298    298    AAM68156.1        G | attachment glycoprotein
150.8              99.3   99.7   100.0  0.0   0.0   0.0   5649..7373       574    574    AAM68157.1        F | fusion glycoprotein
150.9              100.0  100.0  100.0  0.0   0.0   0.0   7592..8176       194    194    AEQ63445.1        M2-1 | transcription elongation factor M2-1
150.10             97.7   98.6   100.0  0.0   0.0   0.0   8151..8417       88     88     AEQ63478.1        M2-2 | transcription-replication factor M2-2
150.11             99.9   100.0  100.0  0.0   0.0   0.0   8484..14981      2165   2165   AEO45832.1        L | RNA-directed RNA polymerase L

