2018-09-06 19:20:14


parameters
	bl2seq_extend_hsp	25
	bl2seq_extend_span	50
	candidate_blastopts	-p blastx -M BLOSUM80 -e 1E-5 -g F -v 0 -F \"\" -z 3000000 -b 1000
	candidate_evalue	
	candidate_overlap_threshold	0.8
	candidate_refdb	
	command_line	/opt/www/vigor/vigor3/prod3/VIGOR3.pl -D giv_c -O /usr/local/scratch/CORE/snettem/giv_c/PRODUCTION/giv_c -i /opt/www/vigor/vigor3/regr_testing/fluc.ungapped.fasta
	default_gene_optional	0
	default_gene_required	0
	default_gene_variation	1
	frameshift_sensitivity	1
	gene_variations	
	jcvi_rules	1
	mature_pep_mincoverage	50
	mature_pep_minidentity	25
	mature_pep_minsimilarity	40
	mature_pep_refdb	../data3/virus_mp
	max_intron_size	7000
	min_candidate_pctsimilarity	60
	min_candidate_sbjcoverage	33
	min_exon_size	3
	min_intron_size	30
	min_pseudogene_coverage	80
	min_pseudogene_identity	70
	min_pseudogene_similarity	80
	noncanonical_splicing_genes	
	optional_genes	PB1-F2
	reference_db	/opt/www/vigor/vigor3/data3/fluc_db
	reference_dbsize	4266
	required_genes	
	ribosomal_slippage_genes	
	rna_editing_genes	
	selectivity	0.985
	slippage_frameshift	-1
	slippage_motif	[NT][NT][NT]AAAC
	slippage_offset	0
	spliced_genes	
	splicesite_extend_range	0
	tile_overlap	1000000
	tile_size	10000000
	use_locus_tags	1
	variation	0.985
	verbose	0
	vigorspace	/opt/www/vigor/vigor3/prod3/vigorscratch/943928.287671046


Sequence               Length  Genes  Pseudogenes  CDS Bases  Peptide Bases  %Ref Identity  %Ref Similarity  %Ref Coverage   Ref DB
NC_006307.1              2325      1            0       2325            774          100.0            100.0          100.0   fluc_db
gaps: 

gene_id            %id    %sim   %cov   %t5   %gap  %t3   start..stop      pep sz ref sz ref id            definition
NC_006307.1.1      100.0  100.0  100.0  0.0   0.0   0.0   1..2325          774    774    Seg1prot1A        PB2 | polymerase PB2


Sequence               Length  Genes  Pseudogenes  CDS Bases  Peptide Bases  %Ref Identity  %Ref Similarity  %Ref Coverage   Ref DB
NC_006308.1              2265      1            0       2265            754          100.0            100.0          100.0   fluc_db
gaps: 

gene_id            %id    %sim   %cov   %t5   %gap  %t3   start..stop      pep sz ref sz ref id            definition
NC_006308.1.1      100.0  100.0  100.0  0.0   0.0   0.0   1..2265          754    754    Seg2prot1A        PB1 | polymerase PB1


Sequence               Length  Genes  Pseudogenes  CDS Bases  Peptide Bases  %Ref Identity  %Ref Similarity  %Ref Coverage   Ref DB
NC_006309.1              2130      1            0       2130            709          100.0            100.0          100.0   fluc_db
gaps: 

gene_id            %id    %sim   %cov   %t5   %gap  %t3   start..stop      pep sz ref sz ref id            definition
NC_006309.1.1      100.0  100.0  100.0  0.0   0.0   0.0   1..2130          709    709    Seg3prot1A        PA | polymerase PA


Sequence               Length  Genes  Pseudogenes  CDS Bases  Peptide Bases  %Ref Identity  %Ref Similarity  %Ref Coverage   Ref DB
NC_006310.1              1968      1            0       1968            655          100.0            100.0          100.0   fluc_db
gaps: 

gene_id            %id    %sim   %cov   %t5   %gap  %t3   start..stop      pep sz ref sz ref id            definition
NC_006310.1.1      100.0  100.0  100.0  0.0   0.0   0.0   1..1968          655    655    Seg4prot1A        HE | hemagglutinin-esterase


Sequence               Length  Genes  Pseudogenes  CDS Bases  Peptide Bases  %Ref Identity  %Ref Similarity  %Ref Coverage   Ref DB
NC_006311.1              1807      1            0       1698            565          100.0            100.0          100.0   fluc_db
gaps: 

gene_id            %id    %sim   %cov   %t5   %gap  %t3   start..stop      pep sz ref sz ref id            definition
NC_006311.1.1      100.0  100.0  100.0  0.0   0.0   0.0   30..1727         565    565    Seg5prot1A        NP | nucleoprotein


Sequence               Length  Genes  Pseudogenes  CDS Bases  Peptide Bases  %Ref Identity  %Ref Similarity  %Ref Coverage   Ref DB
NC_006312.1              1125      1            1        420            139          100.0            100.0          100.0   fluc_db
gaps: 

gene_id            %id    %sim   %cov   %t5   %gap  %t3   start..stop      pep sz ref sz ref id            definition
NC_006312.1.1      100.0  100.0  99.6   0.0   0.0   0.4   1..723           241    242    Seg6prot1A        CM1 | CM1 protein
                                                          957..957                                         
                    missing exon 2
NC_006312.1.2      100.0  100.0  100.0  0.0   0.0   0.0   706..1125        139    139    Seg6prot2A        CM2 protein | CM2 protein


Sequence               Length  Genes  Pseudogenes  CDS Bases  Peptide Bases  %Ref Identity  %Ref Similarity  %Ref Coverage   Ref DB
NC_006306.2               935      2            0       1290            428           98.1             99.5          100.0   fluc_db
gaps: 

gene_id            %id    %sim   %cov   %t5   %gap  %t3   start..stop      pep sz ref sz ref id            definition
NC_006306.2.1      98.4   99.6   100.0  0.0   0.0   0.0   27..767          246    246    Seg7prot1A        NS1 | non-structural protein 1
NC_006306.2.2      97.8   99.5   100.0  0.0   0.0   0.0   27..213          182    182    Seg7prot2A        NS2 | non-structural protein 2
                                                          527..888                                         


Sequence               Length  Genes  Pseudogenes  CDS Bases  Peptide Bases  %Ref Identity  %Ref Similarity  %Ref Coverage   Ref DB
LC123362.1               2325      1            0       2325            774           99.6             99.9          100.0   fluc_db
gaps: 

gene_id            %id    %sim   %cov   %t5   %gap  %t3   start..stop      pep sz ref sz ref id            definition
LC123362.1.1       99.6   99.9   100.0  0.0   0.0   0.0   1..2325          774    774    Seg1prot1A        PB2 | polymerase PB2


Sequence               Length  Genes  Pseudogenes  CDS Bases  Peptide Bases  %Ref Identity  %Ref Similarity  %Ref Coverage   Ref DB
LC123566.1               2139      1            0       2130            709           99.2             99.9          100.0   fluc_db
gaps: 

gene_id            %id    %sim   %cov   %t5   %gap  %t3   start..stop      pep sz ref sz ref id            definition
LC123566.1.1       99.2   99.8   100.0  0.0   0.0   0.0   1..2130          709    709    Seg3prot1A        PA | polymerase PA


Sequence               Length  Genes  Pseudogenes  CDS Bases  Peptide Bases  %Ref Identity  %Ref Similarity  %Ref Coverage   Ref DB
LC123464.1               2322      1            0       2265            754           99.2             99.9          100.0   fluc_db
gaps: 

gene_id            %id    %sim   %cov   %t5   %gap  %t3   start..stop      pep sz ref sz ref id            definition
LC123464.1.1       99.2   99.9   100.0  0.0   0.0   0.0   1..2265          754    754    Seg2prot1A        PB1 | polymerase PB1


Sequence               Length  Genes  Pseudogenes  CDS Bases  Peptide Bases  %Ref Identity  %Ref Similarity  %Ref Coverage   Ref DB
LC123792.1               1754      1            0       1698            565           98.9            100.0          100.0   fluc_db
gaps: 

gene_id            %id    %sim   %cov   %t5   %gap  %t3   start..stop      pep sz ref sz ref id            definition
LC123792.1.1       98.9   100.0  100.0  0.0   0.0   0.0   1..1698          565    565    Seg5prot1A        NP | nucleoprotein


Sequence               Length  Genes  Pseudogenes  CDS Bases  Peptide Bases  %Ref Identity  %Ref Similarity  %Ref Coverage   Ref DB
LC123860.1               1125      1            1        420            139           97.8             99.3          100.0   fluc_db
gaps: 

gene_id            %id    %sim   %cov   %t5   %gap  %t3   start..stop      pep sz ref sz ref id            definition
LC123860.1.1       99.6   100.0  99.6   0.0   0.0   0.4   1..723           241    242    Seg6prot1A        CM1 | CM1 protein
                                                          957..957                                         
                    missing exon 2
LC123860.1.2       97.8   99.1   100.0  0.0   0.0   0.0   706..1125        139    139    Seg6prot2A        CM2 protein | CM2 protein


Sequence               Length  Genes  Pseudogenes  CDS Bases  Peptide Bases  %Ref Identity  %Ref Similarity  %Ref Coverage   Ref DB
LC125024.1                880      2            0       1290            428           98.6             99.3          100.0   fluc_db
gaps: 

gene_id            %id    %sim   %cov   %t5   %gap  %t3   start..stop      pep sz ref sz ref id            definition
LC125024.1.1       98.8   99.5   100.0  0.0   0.0   0.0   1..741           246    246    Seg7prot1A        NS1 | non-structural protein 1
LC125024.1.2       98.4   98.9   100.0  0.0   0.0   0.0   1..187           182    182    Seg7prot2A        NS2 | non-structural protein 2
                                                          501..862                                         


Sequence               Length  Genes  Pseudogenes  CDS Bases  Peptide Bases  %Ref Identity  %Ref Similarity  %Ref Coverage   Ref DB
LC123382.1               2325      1            0       2325            774           99.4            100.0          100.0   fluc_db
gaps: 

gene_id            %id    %sim   %cov   %t5   %gap  %t3   start..stop      pep sz ref sz ref id            definition
LC123382.1.1       99.4   100.0  100.0  0.0   0.0   0.0   1..2325          774    774    Seg1prot1A        PB2 | polymerase PB2


Sequence               Length  Genes  Pseudogenes  CDS Bases  Peptide Bases  %Ref Identity  %Ref Similarity  %Ref Coverage   Ref DB
LC123484.1               2322      1            0       2265            754           99.1            100.0          100.0   fluc_db
gaps: 

gene_id            %id    %sim   %cov   %t5   %gap  %t3   start..stop      pep sz ref sz ref id            definition
LC123484.1.1       99.1   100.0  100.0  0.0   0.0   0.0   1..2265          754    754    Seg2prot1A        PB1 | polymerase PB1


Sequence               Length  Genes  Pseudogenes  CDS Bases  Peptide Bases  %Ref Identity  %Ref Similarity  %Ref Coverage   Ref DB
LC123586.1               2139      1            0       2130            709           99.0             99.9          100.0   fluc_db
gaps: 

gene_id            %id    %sim   %cov   %t5   %gap  %t3   start..stop      pep sz ref sz ref id            definition
LC123586.1.1       99.0   99.8   100.0  0.0   0.0   0.0   1..2130          709    709    Seg3prot1A        PA | polymerase PA


Sequence               Length  Genes  Pseudogenes  CDS Bases  Peptide Bases  %Ref Identity  %Ref Similarity  %Ref Coverage   Ref DB
LC123812.1               1754      1            0       1698            565           99.3            100.0          100.0   fluc_db
gaps: 

gene_id            %id    %sim   %cov   %t5   %gap  %t3   start..stop      pep sz ref sz ref id            definition
LC123812.1.1       99.3   100.0  100.0  0.0   0.0   0.0   1..1698          565    565    Seg5prot1A        NP | nucleoprotein


Sequence               Length  Genes  Pseudogenes  CDS Bases  Peptide Bases  %Ref Identity  %Ref Similarity  %Ref Coverage   Ref DB
LC123880.1               1125      1            1        420            139           97.8             99.3          100.0   fluc_db
gaps: 

gene_id            %id    %sim   %cov   %t5   %gap  %t3   start..stop      pep sz ref sz ref id            definition
LC123880.1.1       99.2   100.0  99.6   0.0   0.0   0.4   1..723           241    242    Seg6prot1A        CM1 | CM1 protein
                                                          957..957                                         
                    missing exon 2
LC123880.1.2       97.8   99.3   100.0  0.0   0.0   0.0   706..1125        139    139    Seg6prot2A        CM2 protein | CM2 protein


Sequence               Length  Genes  Pseudogenes  CDS Bases  Peptide Bases  %Ref Identity  %Ref Similarity  %Ref Coverage   Ref DB
LC125044.1                880      2            0       1290            428           98.8             99.3          100.0   fluc_db
gaps: 

gene_id            %id    %sim   %cov   %t5   %gap  %t3   start..stop      pep sz ref sz ref id            definition
LC125044.1.1       99.2   99.6   100.0  0.0   0.0   0.0   1..741           246    246    Seg7prot1A        NS1 | non-structural protein 1
LC125044.1.2       98.4   98.9   100.0  0.0   0.0   0.0   1..187           182    182    Seg7prot2A        NS2 | non-structural protein 2
                                                          501..862                                         


Sequence               Length  Genes  Pseudogenes  CDS Bases  Peptide Bases  %Ref Identity  %Ref Similarity  %Ref Coverage   Ref DB
LC123299.1               2325      1            0       2325            774           99.6            100.0          100.0   fluc_db
gaps: 

gene_id            %id    %sim   %cov   %t5   %gap  %t3   start..stop      pep sz ref sz ref id            definition
LC123299.1.1       99.6   100.0  100.0  0.0   0.0   0.0   1..2325          774    774    Seg1prot1A        PB2 | polymerase PB2


Sequence               Length  Genes  Pseudogenes  CDS Bases  Peptide Bases  %Ref Identity  %Ref Similarity  %Ref Coverage   Ref DB
LC123401.1               2322      1            0       2265            754           99.6            100.0          100.0   fluc_db
gaps: 

gene_id            %id    %sim   %cov   %t5   %gap  %t3   start..stop      pep sz ref sz ref id            definition
LC123401.1.1       99.6   100.0  100.0  0.0   0.0   0.0   1..2265          754    754    Seg2prot1A        PB1 | polymerase PB1


Sequence               Length  Genes  Pseudogenes  CDS Bases  Peptide Bases  %Ref Identity  %Ref Similarity  %Ref Coverage   Ref DB
AB000720.1               1136      1            1        420            139           99.3             99.3          100.0   fluc_db
gaps: 

gene_id            %id    %sim   %cov   %t5   %gap  %t3   start..stop      pep sz ref sz ref id            definition
AB000720.1.1       99.6   100.0  99.6   0.0   0.0   0.4   4..726           241    242    Seg6prot1A        CM1 | CM1 protein
                                                          960..960                                         
                    missing exon 2
AB000720.1.2       99.3   99.3   100.0  0.0   0.0   0.0   709..1128        139    139    Seg6prot2A        CM2 protein | CM2 protein


Sequence               Length  Genes  Pseudogenes  CDS Bases  Peptide Bases  %Ref Identity  %Ref Similarity  %Ref Coverage   Ref DB
LC123503.1               2139      1            0       2130            709           99.3             99.9          100.0   fluc_db
gaps: 

gene_id            %id    %sim   %cov   %t5   %gap  %t3   start..stop      pep sz ref sz ref id            definition
LC123503.1.1       99.3   99.8   100.0  0.0   0.0   0.0   1..2130          709    709    Seg3prot1A        PA | polymerase PA


Sequence               Length  Genes  Pseudogenes  CDS Bases  Peptide Bases  %Ref Identity  %Ref Similarity  %Ref Coverage   Ref DB
LC123735.1               1754      1            0       1698            565           99.3            100.0          100.0   fluc_db
gaps: 

gene_id            %id    %sim   %cov   %t5   %gap  %t3   start..stop      pep sz ref sz ref id            definition
LC123735.1.1       99.3   100.0  100.0  0.0   0.0   0.0   1..1698          565    565    Seg5prot1A        NP | nucleoprotein


Sequence               Length  Genes  Pseudogenes  CDS Bases  Peptide Bases  %Ref Identity  %Ref Similarity  %Ref Coverage   Ref DB
LC124982.1                880      2            0       1290            428           98.1             99.8          100.0   fluc_db
gaps: 

gene_id            %id    %sim   %cov   %t5   %gap  %t3   start..stop      pep sz ref sz ref id            definition
LC124982.1.1       99.2   100.0  100.0  0.0   0.0   0.0   1..741           246    246    Seg7prot1A        NS1 | non-structural protein 1
LC124982.1.2       96.7   99.3   100.0  0.0   0.0   0.0   1..187           182    182    Seg7prot2A        NS2 | non-structural protein 2
                                                          501..862                                         


Sequence               Length  Genes  Pseudogenes  CDS Bases  Peptide Bases  %Ref Identity  %Ref Similarity  %Ref Coverage   Ref DB
D30697.1                 1987      1            0       1950            649           97.9             99.1           99.1   fluc_db
gaps: 

gene_id            %id    %sim   %cov   %t5   %gap  %t3   start..stop      pep sz ref sz ref id            definition
D30697.1.1         97.8   99.1   99.1   0.9   0.0   0.0   <1..1950         649    655    Seg4prot1A        HE | putative hemagglutinin-esterase, C-terminal


Sequence               Length  Genes  Pseudogenes  CDS Bases  Peptide Bases  %Ref Identity  %Ref Similarity  %Ref Coverage   Ref DB
AB000727.1               1137      1            1        420            139           98.6             99.3          100.0   fluc_db
gaps: 

gene_id            %id    %sim   %cov   %t5   %gap  %t3   start..stop      pep sz ref sz ref id            definition
AB000727.1.1       100.0  100.0  99.6   0.0   0.0   0.4   5..727           241    242    Seg6prot1A        CM1 | CM1 protein
                                                          961..961                                         
                    missing exon 2
AB000727.1.2       98.6   99.3   100.0  0.0   0.0   0.0   710..1129        139    139    Seg6prot2A        CM2 protein | CM2 protein


Sequence               Length  Genes  Pseudogenes  CDS Bases  Peptide Bases  %Ref Identity  %Ref Similarity  %Ref Coverage   Ref DB
D63469.1                 2020      1            0       1959            652           96.3             98.6           99.5   fluc_db
gaps: 

gene_id            %id    %sim   %cov   %t5   %gap  %t3   start..stop      pep sz ref sz ref id            definition
D63469.1.1         96.3   98.7   99.5   0.5   0.0   0.0   <1..1959         652    655    Seg4prot1A        HE | putative hemagglutinin-esterase, C-terminal


Sequence               Length  Genes  Pseudogenes  CDS Bases  Peptide Bases  %Ref Identity  %Ref Similarity  %Ref Coverage   Ref DB
D16259.1                 1153      1            1        420            139           98.6             99.3          100.0   fluc_db
gaps: 

gene_id            %id    %sim   %cov   %t5   %gap  %t3   start..stop      pep sz ref sz ref id            definition
D16259.1.1         100.0  100.0  99.6   0.0   0.0   0.4   14..736          241    242    Seg6prot1A        CM1 | CM1 protein
                                                          970..970                                         
                    missing exon 2
D16259.1.2         98.6   99.3   100.0  0.0   0.0   0.0   719..1138        139    139    Seg6prot2A        CM2 protein | CM2 protein


Sequence               Length  Genes  Pseudogenes  CDS Bases  Peptide Bases  %Ref Identity  %Ref Similarity  %Ref Coverage   Ref DB
LC123392.1               2322      1            0       2265            754           99.9            100.0          100.0   fluc_db
gaps: 

gene_id            %id    %sim   %cov   %t5   %gap  %t3   start..stop      pep sz ref sz ref id            definition
LC123392.1.1       99.9   100.0  100.0  0.0   0.0   0.0   1..2265          754    754    Seg2prot1A        PB1 | polymerase PB1


Sequence               Length  Genes  Pseudogenes  CDS Bases  Peptide Bases  %Ref Identity  %Ref Similarity  %Ref Coverage   Ref DB
LC123290.1               2325      1            0       2325            774           99.5            100.0          100.0   fluc_db
gaps: 

gene_id            %id    %sim   %cov   %t5   %gap  %t3   start..stop      pep sz ref sz ref id            definition
LC123290.1.1       99.5   100.0  100.0  0.0   0.0   0.0   1..2325          774    774    Seg1prot1A        PB2 | polymerase PB2


Sequence               Length  Genes  Pseudogenes  CDS Bases  Peptide Bases  %Ref Identity  %Ref Similarity  %Ref Coverage   Ref DB
LC123728.1               1754      1            0       1698            565           99.3            100.0          100.0   fluc_db
gaps: 

gene_id            %id    %sim   %cov   %t5   %gap  %t3   start..stop      pep sz ref sz ref id            definition
LC123728.1.1       99.3   100.0  100.0  0.0   0.0   0.0   1..1698          565    565    Seg5prot1A        NP | nucleoprotein


Sequence               Length  Genes  Pseudogenes  CDS Bases  Peptide Bases  %Ref Identity  %Ref Similarity  %Ref Coverage   Ref DB
LC123494.1               2139      1            0       2130            709           99.6            100.0          100.0   fluc_db
gaps: 

gene_id            %id    %sim   %cov   %t5   %gap  %t3   start..stop      pep sz ref sz ref id            definition
LC123494.1.1       99.6   100.0  100.0  0.0   0.0   0.0   1..2130          709    709    Seg3prot1A        PA | polymerase PA


Sequence               Length  Genes  Pseudogenes  CDS Bases  Peptide Bases  %Ref Identity  %Ref Similarity  %Ref Coverage   Ref DB
CY239467.1               2040      1            0       1968            655           95.6             98.6          100.0   fluc_db
gaps: 

gene_id            %id    %sim   %cov   %t5   %gap  %t3   start..stop      pep sz ref sz ref id            definition
CY239467.1.1       95.6   98.7   100.0  0.0   0.0   0.0   5..1972          655    655    Seg4prot1A        HE | hemagglutinin-esterase

