AAOverlap_offset                                  10 (defaults)
candidate_evalue                                   (defaults)
circular_gene                                     0 (vigorResources/data3/flua_db specific config)
complete_gene                                     0 (vigorResources/data3/flua_db specific config)
exonerate_path                                    /usr/bin/exonerate (defaults)
frameshift_sensitivity                            1 (defaults)
jcvi_rules                                        1 (defaults)
mature_pep_mincoverage                            50 (defaults)
mature_pep_minidentity                            25 (defaults)
mature_pep_minsimilarity                          40 (defaults)
max_intron_size                                   2500 (defaults)
min_candidate_pctsimilarity                       60 (defaults)
min_candidate_sbjcoverage                         33 (defaults)
min_condensation                                  10 (defaults)
min_exon_size                                     30 (defaults)
min_missing_AA_size                               10 (defaults)
min_pseudogene_coverage                           80 (defaults)
min_pseudogene_identity                           70 (defaults)
min_pseudogene_similarity                         80 (defaults)
min_seq_gap_length                                20 (defaults)
NTOverlap_offset                                  30 (defaults)
reference_database_path                           vigorResources/data3 (defaults)
start_codon_search_window                         50 (defaults)
stop_codon_search_window                          50 (defaults)
use_locus_tags                                    1 (defaults)
virusSpecific_parameters                          vigorResources/config/virusSpecificParams (defaults)
