2017-07-27 11:13:00


parameters
	bl2seq_extend_hsp	25
	bl2seq_extend_span	50
	candidate_blastopts	-p blastx -M BLOSUM45 -e 1E-10 -g F -F "" -b 2000 -v 0
	candidate_evalue	
	candidate_overlap_threshold	0.8
	candidate_refdb	
	command_line	/usr/local/devel/VIRIFX/software/VIGOR3/prod3/VIGOR3.pl -D flu -O /home/snettem/vigor_new/flu/TEST/flu -i /usr/local/devel/VIRIFX/software/VIGOR3.r19/regr_testing/flu.fasta
	default_gene_optional	0
	default_gene_required	0
	default_gene_variation	1
	frameshift_sensitivity	1
	gene_variations	
	jcvi_rules	1
	mature_pep_mincoverage	50
	mature_pep_minidentity	25
	mature_pep_minsimilarity	40
	mature_pep_refdb	/usr/local/devel/VIRIFX/software/VIGOR3.r19/data3/virus_mp
	max_intron_size	7000
	min_candidate_pctsimilarity	60
	min_candidate_sbjcoverage	33
	min_exon_size	3
	min_intron_size	30
	min_pseudogene_coverage	80
	min_pseudogene_identity	70
	min_pseudogene_similarity	80
	noncanonical_splicing_genes	
	optional_genes	
	reference_db	/usr/local/devel/VIRIFX/software/VIGOR3.r19/data3/flu_db
	required_genes	
	ribosomal_slippage_genes	
	rna_editing_genes	
	selectivity	0.985
	slippage_frameshift	-1
	slippage_motif	[NT][NT][NT]AAAC
	slippage_offset	0
	spliced_genes	
	splicesite_extend_range	0
	tile_overlap	1000000
	tile_size	10000000
	use_locus_tags	1
	variation	0.975
	verbose	0
	vigorspace	/usr/local/devel/VIRIFX/software/VIGOR3.r19/prod3/vigorscratch/171421.038526208


Sequence               Length  Genes  Pseudogenes  CDS Bases  Peptide Bases  %Ref Identity  %Ref Similarity  %Ref Coverage   Ref DB
HA_1_615                  615      1            0        594            198           89.4             97.2           35.0   flua_db
gaps: 

gene_id            %id    %sim   %cov   %t5   %gap  %t3   start..stop      pep sz ref sz ref id            definition
HA_1_615.1         89.4   97.1   35.0   0.0   0.0   65.0  21..>615         198    566    seg4protA         HA | putative hemagglutinin, N-terminal
HA_1_615.1.1       76.5   94.1   100.0  0.0   0.0   0.0   21..71           17     17     seg4matureA1      signal peptide
HA_1_615.1.2       90.6   97.4   55.4   0.0   0.0   44.6  72..>614         181    327    seg4matureA2      putative HA1, N-terminal


Sequence               Length  Genes  Pseudogenes  CDS Bases  Peptide Bases  %Ref Identity  %Ref Similarity  %Ref Coverage   Ref DB
HA_1129_1753              624      1            0        593            196           95.4             98.2           34.6   flua_db
gaps: 

gene_id            %id    %sim   %cov   %t5   %gap  %t3   start..stop      pep sz ref sz ref id            definition
HA_1129_1753.1     95.4   98.3   34.6   65.4  0.0   0.0   <1..593          196    566    seg4protA         HA | putative hemagglutinin, C-terminal
HA_1129_1753.1.1   95.4   98.3   88.3   11.7  0.0   0.0   <3..590          196    222    seg4matureA3      putative HA2, C-terminal


Sequence               Length  Genes  Pseudogenes  CDS Bases  Peptide Bases  %Ref Identity  %Ref Similarity  %Ref Coverage   Ref DB
MP                        989      2            0       1053            349           95.1             98.9          100.0   flua_db
gaps: 

gene_id            %id    %sim   %cov   %t5   %gap  %t3   start..stop      pep sz ref sz ref id            definition
MP.1               96.4   99.6   100.0  0.0   0.0   0.0   1..759           252    252    seg7prot1         M1 | matrix protein 1
MP.2               91.8   96.4   100.0  0.0   0.0   0.0   1..26            97     97     seg7prot2ADR2_S31 M2 | matrix protein 2
                                                          715..982                                         


Sequence               Length  Genes  Pseudogenes  CDS Bases  Peptide Bases  %Ref Identity  %Ref Similarity  %Ref Coverage   Ref DB
NA                       1433      1            0       1410            469           82.1             94.3          100.0   flua_db
gaps: 

gene_id            %id    %sim   %cov   %t5   %gap  %t3   start..stop      pep sz ref sz ref id            definition
NA.1               82.1   94.3   100.0  0.0   0.0   0.0   9..1418          469    470    seg6prot1A        NA | neuraminidase


Sequence               Length  Genes  Pseudogenes  CDS Bases  Peptide Bases  %Ref Identity  %Ref Similarity  %Ref Coverage   Ref DB
NP                       1515      1            0       1497            498           94.4             99.4          100.0   flua_db
gaps: 

gene_id            %id    %sim   %cov   %t5   %gap  %t3   start..stop      pep sz ref sz ref id            definition
NP.1               94.4   99.4   100.0  0.0   0.0   0.0   19..1515         498    498    seg5prot          NP | nucleocapsid protein


Sequence               Length  Genes  Pseudogenes  CDS Bases  Peptide Bases  %Ref Identity  %Ref Similarity  %Ref Coverage   Ref DB
NS                        851      2            0       1026            340           89.1             97.6          100.0   flua_db
gaps: 

gene_id            %id    %sim   %cov   %t5   %gap  %t3   start..stop      pep sz ref sz ref id            definition
NS.1               89.5   97.5   100.0  0.0   0.0   0.0   1..660           219    219    seg8prot1G        NS1 | nonstructural protein 1
NS.2               88.4   97.9   100.0  0.0   0.0   0.0   1..30            121    121    seg8prot2A        NEP | nuclear export protein
                                                          503..838                                         


Sequence               Length  Genes  Pseudogenes  CDS Bases  Peptide Bases  %Ref Identity  %Ref Similarity  %Ref Coverage   Ref DB
PA_1_500                  499      2            0        978            326           94.7             97.9           34.4   flua_db
gaps: 

gene_id            %id    %sim   %cov   %t5   %gap  %t3   start..stop      pep sz ref sz ref id            definition
PA_1_500.1         94.5   97.9   22.8   0.0   0.0   77.2  9..>499          163    716    seg3prot          PA | putative polymerase PA, N-terminal
PA_1_500.2         95.1   98.0   70.3   0.0   0.0   29.7  9..>499          163    232    seg3prot2B        PA-X | putative PA-X protein, N-terminal


Sequence               Length  Genes  Pseudogenes  CDS Bases  Peptide Bases  %Ref Identity  %Ref Similarity  %Ref Coverage   Ref DB
PA_971_1191               220      1            0        220             73           91.8            100.0           10.2   flua_db
gaps: 

gene_id            %id    %sim   %cov   %t5   %gap  %t3   start..stop      pep sz ref sz ref id            definition
PA_971_1191.1      91.8   100.0  10.2   44.8  0.0   45.0  <1..>220         73     716    seg3prot          PA | putative polymerase PA, fragment


Sequence               Length  Genes  Pseudogenes  CDS Bases  Peptide Bases  %Ref Identity  %Ref Similarity  %Ref Coverage   Ref DB
PA_1732_2178              446      1            0        428            141           97.9             99.6           19.7   flua_db
gaps: 

gene_id            %id    %sim   %cov   %t5   %gap  %t3   start..stop      pep sz ref sz ref id            definition
PA_1732_2178.1     97.9   99.6   19.7   80.3  0.0   0.0   <1..428          141    716    seg3prot          PA | putative polymerase PA, C-terminal


Sequence               Length  Genes  Pseudogenes  CDS Bases  Peptide Bases  %Ref Identity  %Ref Similarity  %Ref Coverage   Ref DB
PB1_1_402                 401      1            1        387            129           97.8             99.7           17.0   flua_db
gaps: 

gene_id            %id    %sim   %cov   %t5   %gap  %t3   start..stop      pep sz ref sz ref id            definition
PB1_1_402.1        97.7   99.8   17.0   0.0   0.0   83.0  13..>401         129    758    seg2prot1A        PB1 | putative polymerase PB1, N-terminal
PB1_1_402.2        82.8   85.9   96.7   0.0   0.0   3.3   107..370         87     90     seg2prot2M        PB1-F2 | PB1-F2 protein
                    stop codons embedded in CDS at 140..142 and 278..280


Sequence               Length  Genes  Pseudogenes  CDS Bases  Peptide Bases  %Ref Identity  %Ref Similarity  %Ref Coverage   Ref DB
PB1_1981_2317             336      1            0        306            101           98.0            100.0           13.3   flua_db
gaps: 

gene_id            %id    %sim   %cov   %t5   %gap  %t3   start..stop      pep sz ref sz ref id            definition
PB1_1981_2317.1    98.0   100.0  13.3   86.5  0.0   0.1   <1..306          101    758    seg2prot1A        PB1 | putative polymerase PB1, C-terminal


Sequence               Length  Genes  Pseudogenes  CDS Bases  Peptide Bases  %Ref Identity  %Ref Similarity  %Ref Coverage   Ref DB
PB2_1_539                 538      1            0        525            175           95.4             99.3           23.1   flua_db
gaps: 

gene_id            %id    %sim   %cov   %t5   %gap  %t3   start..stop      pep sz ref sz ref id            definition
PB2_1_539.1        95.4   99.3   23.1   0.0   0.0   76.9  12..>538         175    759    Seg1prot          PB2 | putative polymerase PB2, N-terminal


Sequence               Length  Genes  Pseudogenes  CDS Bases  Peptide Bases  %Ref Identity  %Ref Similarity  %Ref Coverage   Ref DB
PB2_1767_2307             541      1            0        525            174           95.4             99.3           22.9   flua_db
gaps: 

gene_id            %id    %sim   %cov   %t5   %gap  %t3   start..stop      pep sz ref sz ref id            definition
PB2_1767_2307.1    95.4   99.3   22.9   77.1  0.0   0.0   <1..525          174    759    Seg1prot          PB2 | putative polymerase PB2, C-terminal


Sequence               Length  Genes  Pseudogenes  CDS Bases  Peptide Bases  %Ref Identity  %Ref Similarity  %Ref Coverage   Ref DB
gi|482680053|gb|KC85      982      2            0       1053            349           92.3             99.1          100.0   flua_db
gaps: 

gene_id            %id    %sim   %cov   %t5   %gap  %t3   start..stop      pep sz ref sz ref id            definition
gi_482680053.1     93.3   99.4   100.0  0.0   0.0   0.0   1..759           252    252    seg7prot1         M1 | matrix protein 1
gi_482680053.2     89.7   99.0   100.0  0.0   0.0   0.0   1..26            97     97     seg7prot2ADR2_S31 M2 | matrix protein 2
                                                          715..982                                         


Sequence               Length  Genes  Pseudogenes  CDS Bases  Peptide Bases  %Ref Identity  %Ref Similarity  %Ref Coverage   Ref DB
gi|475662453|gb|KC85     1683      1            0       1683            560           96.4             98.8          100.0   flua_db
gaps: 

gene_id            %id    %sim   %cov   %t5   %gap  %t3   start..stop      pep sz ref sz ref id            definition
gi_475662453.1     96.4   98.8   100.0  0.0   0.0   0.0   1..1683          560    562    seg4prot7F        HA | hemagglutinin
gi_475662453.1.1   94.4   100.0  100.0  0.0   0.0   0.0   1..54            18     18     seg4matureO1      signal peptide
gi_475662453.1.2   96.0   98.6   99.4   0.0   0.0   0.6   55..1017         321    323    seg4mature7F2     HA1
gi_475662453.1.3   98.2   99.8   100.0  0.0   0.0   0.0   1018..1680       221    221    seg4mature7F3     HA2


Sequence               Length  Genes  Pseudogenes  CDS Bases  Peptide Bases  %Ref Identity  %Ref Similarity  %Ref Coverage   Ref DB
gi|475662451|gb|KC85     1398      1            0       1398            465           93.2             97.9          100.0   flua_db
gaps: 

gene_id            %id    %sim   %cov   %t5   %gap  %t3   start..stop      pep sz ref sz ref id            definition
gi_475662451.1     93.2   97.8   100.0  0.0   0.0   0.0   1..1398          465    470    seg6prot1G        NA | neuraminidase


Sequence               Length  Genes  Pseudogenes  CDS Bases  Peptide Bases  %Ref Identity  %Ref Similarity  %Ref Coverage   Ref DB
gi|260907768|gb|GU06      855      2            0       1059            351           95.2             99.1          100.0   flua_db
gaps: 

gene_id            %id    %sim   %cov   %t5   %gap  %t3   start..stop      pep sz ref sz ref id            definition
gi_260907768.1     96.5   99.9   100.0  0.0   0.0   0.0   12..704          230    230    seg8prot1I        NS1 | nonstructural protein 1
gi_260907768.2     92.6   97.7   100.0  0.0   0.0   0.0   12..41           121    121    seg8prot2A        NEP | nuclear export protein
                                                          514..849                                         


Sequence               Length  Genes  Pseudogenes  CDS Bases  Peptide Bases  %Ref Identity  %Ref Similarity  %Ref Coverage   Ref DB
gi|260907766|gb|GU06     1425      1            0       1413            470           95.7             98.3          100.0   flua_db
gaps: 

gene_id            %id    %sim   %cov   %t5   %gap  %t3   start..stop      pep sz ref sz ref id            definition
gi_260907766.1     95.7   98.4   100.0  0.0   0.0   0.0   4..1416          470    470    seg6prot1G        NA | neuraminidase


Sequence               Length  Genes  Pseudogenes  CDS Bases  Peptide Bases  %Ref Identity  %Ref Similarity  %Ref Coverage   Ref DB
gi|260907764|gb|GU06     1529      1            0       1497            498           99.4            100.0          100.0   flua_db
gaps: 

gene_id            %id    %sim   %cov   %t5   %gap  %t3   start..stop      pep sz ref sz ref id            definition
gi_260907764.1     99.4   99.9   100.0  0.0   0.0   0.0   31..1527         498    498    seg5prot          NP | nucleocapsid protein


Sequence               Length  Genes  Pseudogenes  CDS Bases  Peptide Bases  %Ref Identity  %Ref Similarity  %Ref Coverage   Ref DB
gi|260907762|gb|GU06     1700      1            0       1683            560           98.0             99.5          100.0   flua_db
gaps: 

gene_id            %id    %sim   %cov   %t5   %gap  %t3   start..stop      pep sz ref sz ref id            definition
gi_260907762.1     98.0   99.4   100.0  0.0   0.0   0.0   9..1691          560    560    seg4protO         HA | hemagglutinin
gi_260907762.1.1   94.4   94.4   100.0  0.0   0.0   0.0   9..62            18     18     seg4matureO1      signal peptide
gi_260907762.1.2   97.5   99.0   99.4   0.0   0.0   0.6   63..1025         321    323    seg4mature7F2     HA1
gi_260907762.1.3   99.1   100.0  100.0  0.0   0.0   0.0   1026..1688       221    221    seg4matureO3      HA2


Sequence               Length  Genes  Pseudogenes  CDS Bases  Peptide Bases  %Ref Identity  %Ref Similarity  %Ref Coverage   Ref DB
gi|260907760|gb|GU06     2200      2            0       2910            968           95.8             98.6          100.0   flua_db
gaps: 

gene_id            %id    %sim   %cov   %t5   %gap  %t3   start..stop      pep sz ref sz ref id            definition
gi_260907760.1     94.0   96.9   100.0  0.0   0.0   0.0   10..582          252    252    seg3prot2A        PA-X | PA-X protein
                                                          584..769                                         
gi_260907760.2     96.4   99.2   100.0  0.0   0.0   0.0   10..2160         716    716    seg3prot          PA | polymerase PA


Sequence               Length  Genes  Pseudogenes  CDS Bases  Peptide Bases  %Ref Identity  %Ref Similarity  %Ref Coverage   Ref DB
gi|260907757|gb|GU06     2309      1            1       2274            757           99.5             99.9          100.0   flua_db
gaps: 

gene_id            %id    %sim   %cov   %t5   %gap  %t3   start..stop      pep sz ref sz ref id            definition
gi_260907757.1     99.5   99.9   100.0  0.0   0.0   0.0   11..2284         757    757    seg2prot1B        PB1 | polymerase PB1
gi_260907757.2     72.3   80.4   100.0  0.0   0.0   0.0   105..410         101    101    seg2prot2F        PB1-F2 | PB1-F2 protein
                    stop codon embedded in CDS at 375..377


Sequence               Length  Genes  Pseudogenes  CDS Bases  Peptide Bases  %Ref Identity  %Ref Similarity  %Ref Coverage   Ref DB
gi|260907755|gb|GU06     2308      1            0       2280            759           98.4             99.7          100.0   flua_db
gaps: 

gene_id            %id    %sim   %cov   %t5   %gap  %t3   start..stop      pep sz ref sz ref id            definition
gi_260907755.1     98.4   99.7   100.0  0.0   0.0   0.0   14..2293         759    759    Seg1prot          PB2 | polymerase PB2


Sequence               Length  Genes  Pseudogenes  CDS Bases  Peptide Bases  %Ref Identity  %Ref Similarity  %Ref Coverage   Ref DB
gi|307141877|gb|HQ24      855      2            0       1059            351           95.2             99.1          100.0   flua_db
gaps: 

gene_id            %id    %sim   %cov   %t5   %gap  %t3   start..stop      pep sz ref sz ref id            definition
gi_307141877.1     96.5   99.9   100.0  0.0   0.0   0.0   12..704          230    230    seg8prot1I        NS1 | nonstructural protein 1
gi_307141877.2     92.6   97.7   100.0  0.0   0.0   0.0   12..41           121    121    seg8prot2A        NEP | nuclear export protein
                                                          514..849                                         


Sequence               Length  Genes  Pseudogenes  CDS Bases  Peptide Bases  %Ref Identity  %Ref Similarity  %Ref Coverage   Ref DB
gi|307141874|gb|HQ24      991      2            0       1050            349           99.4            100.0          100.0   flua_db
gaps: 

gene_id            %id    %sim   %cov   %t5   %gap  %t3   start..stop      pep sz ref sz ref id            definition
gi_307141874.1     100.0  100.0  100.0  0.0   0.0   0.0   11..769          252    252    seg7prot1         M1 | matrix protein 1
gi_307141874.2     97.9   99.7   100.0  0.0   0.0   0.0   11..36           97     97     seg7prot2A        M2 | putative matrix protein 2, N-terminal
                                                          725..>991                                        


Sequence               Length  Genes  Pseudogenes  CDS Bases  Peptide Bases  %Ref Identity  %Ref Similarity  %Ref Coverage   Ref DB
gi|307141872|gb|HQ24     1425      1            0       1413            470           96.0             98.5          100.0   flua_db
gaps: 

gene_id            %id    %sim   %cov   %t5   %gap  %t3   start..stop      pep sz ref sz ref id            definition
gi_307141872.1     96.0   98.6   100.0  0.0   0.0   0.0   4..1416          470    470    seg6prot1G        NA | neuraminidase


Sequence               Length  Genes  Pseudogenes  CDS Bases  Peptide Bases  %Ref Identity  %Ref Similarity  %Ref Coverage   Ref DB
gi|307141870|gb|HQ24     1529      1            0       1497            498           99.4            100.0          100.0   flua_db
gaps: 

gene_id            %id    %sim   %cov   %t5   %gap  %t3   start..stop      pep sz ref sz ref id            definition
gi_307141870.1     99.4   99.9   100.0  0.0   0.0   0.0   31..1527         498    498    seg5prot          NP | nucleocapsid protein


Sequence               Length  Genes  Pseudogenes  CDS Bases  Peptide Bases  %Ref Identity  %Ref Similarity  %Ref Coverage   Ref DB
gi|307141868|gb|HQ24     1698      1            0       1683            560           98.0             99.3          100.0   flua_db
gaps: 

gene_id            %id    %sim   %cov   %t5   %gap  %t3   start..stop      pep sz ref sz ref id            definition
gi_307141868.1     98.0   99.2   100.0  0.0   0.0   0.0   8..1690          560    560    seg4protO         HA | hemagglutinin
gi_307141868.1.1   94.4   94.4   100.0  0.0   0.0   0.0   8..61            18     18     seg4matureO1      signal peptide
gi_307141868.1.2   97.5   98.9   100.0  0.0   0.0   0.0   62..1024         321    321    seg4matureO2      HA1
gi_307141868.1.3   99.1   100.0  100.0  0.0   0.0   0.0   1025..1687       221    221    seg4matureO3      HA2


Sequence               Length  Genes  Pseudogenes  CDS Bases  Peptide Bases  %Ref Identity  %Ref Similarity  %Ref Coverage   Ref DB
gi|307141866|gb|HQ24     2200      2            0       2910            968           95.8             98.6          100.0   flua_db
gaps: 

gene_id            %id    %sim   %cov   %t5   %gap  %t3   start..stop      pep sz ref sz ref id            definition
gi_307141866.1     94.0   96.9   100.0  0.0   0.0   0.0   10..582          252    252    seg3prot2A        PA-X | PA-X protein
                                                          584..769                                         
gi_307141866.2     96.4   99.2   100.0  0.0   0.0   0.0   10..2160         716    716    seg3prot          PA | polymerase PA


Sequence               Length  Genes  Pseudogenes  CDS Bases  Peptide Bases  %Ref Identity  %Ref Similarity  %Ref Coverage   Ref DB
gi|307141863|gb|HQ24     2309      1            1       2274            757           99.5             99.9          100.0   flua_db
gaps: 

gene_id            %id    %sim   %cov   %t5   %gap  %t3   start..stop      pep sz ref sz ref id            definition
gi_307141863.1     99.5   99.9   100.0  0.0   0.0   0.0   11..2284         757    757    seg2prot1B        PB1 | polymerase PB1
gi_307141863.2     72.3   80.4   100.0  0.0   0.0   0.0   105..410         101    101    seg2prot2F        PB1-F2 | PB1-F2 protein
                    stop codon embedded in CDS at 375..377


Sequence               Length  Genes  Pseudogenes  CDS Bases  Peptide Bases  %Ref Identity  %Ref Similarity  %Ref Coverage   Ref DB
gi|307141861|gb|HQ24     2308      1            0       2280            759           98.3             99.7          100.0   flua_db
gaps: 

gene_id            %id    %sim   %cov   %t5   %gap  %t3   start..stop      pep sz ref sz ref id            definition
gi_307141861.1     98.3   99.7   100.0  0.0   0.0   0.0   14..2293         759    759    Seg1prot          PB2 | polymerase PB2


Sequence               Length  Genes  Pseudogenes  CDS Bases  Peptide Bases  %Ref Identity  %Ref Similarity  %Ref Coverage   Ref DB
gi|155016340|gb|CY02     2307      1            0       2280            759           98.3             99.7          100.0   flua_db
gaps: 

gene_id            %id    %sim   %cov   %t5   %gap  %t3   start..stop      pep sz ref sz ref id            definition
gi_155016340.1     98.3   99.8   100.0  0.0   0.0   0.0   13..2292         759    759    Seg1prot          PB2 | polymerase PB2


Sequence               Length  Genes  Pseudogenes  CDS Bases  Peptide Bases  %Ref Identity  %Ref Similarity  %Ref Coverage   Ref DB
gi|155016337|gb|CY02     2309      1            1       2274            757           99.6             99.7          100.0   flua_db
gaps: 

gene_id            %id    %sim   %cov   %t5   %gap  %t3   start..stop      pep sz ref sz ref id            definition
gi_155016337.1     99.6   99.8   100.0  0.0   0.0   0.0   11..2284         757    757    seg2prot1B        PB1 | polymerase PB1
gi_155016337.2     70.3   82.7   100.0  0.0   0.0   0.0   105..410         101    101    seg2prot2F        PB1-F2 | PB1-F2 protein
                    stop codon embedded in CDS at 375..377


Sequence               Length  Genes  Pseudogenes  CDS Bases  Peptide Bases  %Ref Identity  %Ref Similarity  %Ref Coverage   Ref DB
gi|155016335|gb|CY02     2190      2            0       2910            968           95.8             98.5          100.0   flua_db
gaps: 

gene_id            %id    %sim   %cov   %t5   %gap  %t3   start..stop      pep sz ref sz ref id            definition
gi_155016335.1     93.3   96.5   100.0  0.0   0.0   0.0   6..578           252    252    seg3prot2A        PA-X | PA-X protein
                                                          580..765                                         
gi_155016335.2     96.6   99.2   100.0  0.0   0.0   0.0   6..2156          716    716    seg3prot          PA | polymerase PA


Sequence               Length  Genes  Pseudogenes  CDS Bases  Peptide Bases  %Ref Identity  %Ref Similarity  %Ref Coverage   Ref DB
gi|155016332|gb|CY02      855      2            0       1059            351           94.3             99.1          100.0   flua_db
gaps: 

gene_id            %id    %sim   %cov   %t5   %gap  %t3   start..stop      pep sz ref sz ref id            definition
gi_155016332.1     95.7   99.7   100.0  0.0   0.0   0.0   12..704          230    230    seg8prot1I        NS1 | nonstructural protein 1
gi_155016332.2     91.7   98.1   100.0  0.0   0.0   0.0   12..41           121    121    seg8prot2A        NEP | nuclear export protein
                                                          514..849                                         


Sequence               Length  Genes  Pseudogenes  CDS Bases  Peptide Bases  %Ref Identity  %Ref Similarity  %Ref Coverage   Ref DB
gi|155016330|gb|CY02     1530      1            0       1497            498           99.8            100.0          100.0   flua_db
gaps: 

gene_id            %id    %sim   %cov   %t5   %gap  %t3   start..stop      pep sz ref sz ref id            definition
gi_155016330.1     99.8   99.9   100.0  0.0   0.0   0.0   31..1527         498    498    seg5prot          NP | nucleocapsid protein


Sequence               Length  Genes  Pseudogenes  CDS Bases  Peptide Bases  %Ref Identity  %Ref Similarity  %Ref Coverage   Ref DB
gi|155016328|gb|CY02     1422      1            0       1413            470           95.3             99.1          100.0   flua_db
gaps: 

gene_id            %id    %sim   %cov   %t5   %gap  %t3   start..stop      pep sz ref sz ref id            definition
gi_155016328.1     95.3   99.1   100.0  0.0   0.0   0.0   2..1414          470    470    seg6prot1G        NA | neuraminidase


Sequence               Length  Genes  Pseudogenes  CDS Bases  Peptide Bases  %Ref Identity  %Ref Similarity  %Ref Coverage   Ref DB
gi|155016325|gb|CY02      990      2            0       1053            349           99.4            100.0          100.0   flua_db
gaps: 

gene_id            %id    %sim   %cov   %t5   %gap  %t3   start..stop      pep sz ref sz ref id            definition
gi_155016325.1     100.0  100.0  100.0  0.0   0.0   0.0   9..767           252    252    seg7prot1         M1 | matrix protein 1
gi_155016325.2     97.9   99.7   100.0  0.0   0.0   0.0   9..34            97     97     seg7prot2A        M2 | matrix protein 2
                                                          723..990                                         


Sequence               Length  Genes  Pseudogenes  CDS Bases  Peptide Bases  %Ref Identity  %Ref Similarity  %Ref Coverage   Ref DB
gi|155016323|gb|CY02     1697      1            0       1683            560           93.1             96.9          100.0   flua_db
gaps: 

gene_id            %id    %sim   %cov   %t5   %gap  %t3   start..stop      pep sz ref sz ref id            definition
gi_155016323.1     93.2   97.0   100.0  0.0   0.0   0.0   8..1690          560    552    seg4prot7A        HA | hemagglutinin
gi_155016323.1.1   77.8   88.9   100.0  0.0   0.0   0.0   8..61            18     18     seg4mature7A1     signal peptide
gi_155016323.1.2   84.0   94.1   100.0  0.0   0.0   0.0   62..1024         321    331    seg4mature7C2     HA1
gi_155016323.1.3   95.9   99.7   100.0  0.0   0.0   0.0   1025..1687       221    221    seg4mature7A3     HA2


Sequence               Length  Genes  Pseudogenes  CDS Bases  Peptide Bases  %Ref Identity  %Ref Similarity  %Ref Coverage   Ref DB
gi|525338705|gb|CY14     2151      1            1       2151            716           95.7             98.9          100.0   flua_db
gaps: 

gene_id            %id    %sim   %cov   %t5   %gap  %t3   start..stop      pep sz ref sz ref id            definition
gi_525338705.1     91.3   95.8   100.0  0.0   0.0   0.0   1..567           252    252    seg3prot2C        PA-X | PA-X protein
                                                          569..760                                         
                    slippage motif not present
gi_525338705.2     95.7   98.9   100.0  0.0   0.0   0.0   1..2151          716    716    seg3prot          PA | polymerase PA


Sequence               Length  Genes  Pseudogenes  CDS Bases  Peptide Bases  %Ref Identity  %Ref Similarity  %Ref Coverage   Ref DB
gi|514391082|gb|KF27     2280      1            0       2280            759           98.0             99.7          100.0   flua_db
gaps: 

gene_id            %id    %sim   %cov   %t5   %gap  %t3   start..stop      pep sz ref sz ref id            definition
gi_514391082.1     98.0   99.7   100.0  0.0   0.0   0.0   1..2280          759    759    Seg1prot          PB2 | polymerase PB2


Sequence               Length  Genes  Pseudogenes  CDS Bases  Peptide Bases  %Ref Identity  %Ref Similarity  %Ref Coverage   Ref DB
gi|514391079|gb|KF27     2151      2            0       2910            968           94.3             98.0          100.0   flua_db
gaps: 

gene_id            %id    %sim   %cov   %t5   %gap  %t3   start..stop      pep sz ref sz ref id            definition
gi_514391079.1     91.3   96.2   100.0  0.0   0.0   0.0   1..573           252    252    seg3prot2A        PA-X | PA-X protein
                                                          575..760                                         
gi_514391079.2     95.4   98.7   100.0  0.0   0.0   0.0   1..2151          716    716    seg3prot          PA | polymerase PA


Sequence               Length  Genes  Pseudogenes  CDS Bases  Peptide Bases  %Ref Identity  %Ref Similarity  %Ref Coverage   Ref DB
gi|514391076|gb|KF27      838      2            0       1020            338           87.7             97.2           96.3   flua_db
gaps: 

gene_id            %id    %sim   %cov   %t5   %gap  %t3   start..stop      pep sz ref sz ref id            definition
gi_514391076.1     86.2   97.7   94.3   0.0   0.0   5.7   1..654           217    230    seg8prot1I        NS1 | nonstructural protein 1
gi_514391076.2     90.9   95.9   100.0  0.0   0.0   0.0   1..30            121    121    seg8prot2A        NEP | nuclear export protein
                                                          503..838                                         


Sequence               Length  Genes  Pseudogenes  CDS Bases  Peptide Bases  %Ref Identity  %Ref Similarity  %Ref Coverage   Ref DB
gi|514391074|gb|KF27     1497      1            0       1497            498           97.6             99.6          100.0   flua_db
gaps: 

gene_id            %id    %sim   %cov   %t5   %gap  %t3   start..stop      pep sz ref sz ref id            definition
gi_514391074.1     97.6   99.6   100.0  0.0   0.0   0.0   1..1497          498    498    seg5prot          NP | nucleocapsid protein


Sequence               Length  Genes  Pseudogenes  CDS Bases  Peptide Bases  %Ref Identity  %Ref Similarity  %Ref Coverage   Ref DB
gi|514391071|gb|KF27      982      2            0       1053            349           92.6             99.1          100.0   flua_db
gaps: 

gene_id            %id    %sim   %cov   %t5   %gap  %t3   start..stop      pep sz ref sz ref id            definition
gi_514391071.1     93.7   99.4   100.0  0.0   0.0   0.0   1..759           252    252    seg7prot1         M1 | matrix protein 1
gi_514391071.2     89.7   99.0   100.0  0.0   0.0   0.0   1..26            97     97     seg7prot2ADR2_S31 M2 | matrix protein 2
                                                          715..982                                         


Sequence               Length  Genes  Pseudogenes  CDS Bases  Peptide Bases  %Ref Identity  %Ref Similarity  %Ref Coverage   Ref DB
gi|513857262|gb|KF26     1683      1            0       1683            560           96.4             98.8          100.0   flua_db
gaps: 

gene_id            %id    %sim   %cov   %t5   %gap  %t3   start..stop      pep sz ref sz ref id            definition
gi_513857262.1     96.4   98.8   100.0  0.0   0.0   0.0   1..1683          560    562    seg4prot7F        HA | hemagglutinin
gi_513857262.1.1   94.4   100.0  100.0  0.0   0.0   0.0   1..54            18     18     seg4matureO1      signal peptide
gi_513857262.1.2   96.0   98.6   99.4   0.0   0.0   0.6   55..1017         321    323    seg4mature7F2     HA1
gi_513857262.1.3   98.2   99.8   100.0  0.0   0.0   0.0   1018..1680       221    221    seg4mature7F3     HA2


Sequence               Length  Genes  Pseudogenes  CDS Bases  Peptide Bases  %Ref Identity  %Ref Similarity  %Ref Coverage   Ref DB
gi|482578116|gb|KC89     1497      1            0       1497            498           97.4             99.6          100.0   flua_db
gaps: 

gene_id            %id    %sim   %cov   %t5   %gap  %t3   start..stop      pep sz ref sz ref id            definition
gi_482578116.1     97.4   99.5   100.0  0.0   0.0   0.0   1..1497          498    498    seg5prot          NP | nucleocapsid protein


Sequence               Length  Genes  Pseudogenes  CDS Bases  Peptide Bases  %Ref Identity  %Ref Similarity  %Ref Coverage   Ref DB
gi|480326663|gb|KC89     2151      2            0       2910            968           94.5             98.1          100.0   flua_db
gaps: 

gene_id            %id    %sim   %cov   %t5   %gap  %t3   start..stop      pep sz ref sz ref id            definition
gi_480326663.1     91.7   96.2   100.0  0.0   0.0   0.0   1..573           252    252    seg3prot2A        PA-X | PA-X protein
                                                          575..760                                         
gi_480326663.2     95.5   98.9   100.0  0.0   0.0   0.0   1..2151          716    716    seg3prot          PA | polymerase PA


Sequence               Length  Genes  Pseudogenes  CDS Bases  Peptide Bases  %Ref Identity  %Ref Similarity  %Ref Coverage   Ref DB
gi|479285790|gb|KC89     2280      1            0       2280            759           98.2             99.7          100.0   flua_db
gaps: 

gene_id            %id    %sim   %cov   %t5   %gap  %t3   start..stop      pep sz ref sz ref id            definition
gi_479285790.1     98.2   99.7   100.0  0.0   0.0   0.0   1..2280          759    759    Seg1prot          PB2 | polymerase PB2


dropping pseudogene gi_479285787.2, fails match requirements: %id 62.4 < 70, %sim 76.0 < 80
gene_id            %id    %sim   %cov   %t5   %gap  %t3   start..stop      pep sz ref sz ref id            definition
gi_479285787.2     62.4   76.0   100.0  0.0   0.0   0.0   95..400          101    101    seg2prot2F        PB1-F2 | PB1-F2 protein
                    stop codon embedded in CDS at 365..367

Sequence               Length  Genes  Pseudogenes  CDS Bases  Peptide Bases  %Ref Identity  %Ref Similarity  %Ref Coverage   Ref DB
gi|479285787|gb|KC89     2274      1            0       2274            757           98.0             99.9          100.0   flua_db
gaps: 

gene_id            %id    %sim   %cov   %t5   %gap  %t3   start..stop      pep sz ref sz ref id            definition
gi_479285787.1     98.0   99.9   100.0  0.0   0.0   0.0   1..2274          757    757    seg2prot1B        PB1 | polymerase PB1


Sequence               Length  Genes  Pseudogenes  CDS Bases  Peptide Bases  %Ref Identity  %Ref Similarity  %Ref Coverage   Ref DB
gi|442796555|gb|KC42     2233      2            0       2850            948           95.2             98.6           97.9   flua_db
gaps: 

gene_id            %id    %sim   %cov   %t5   %gap  %t3   start..stop      pep sz ref sz ref id            definition
gi_442796555.1     94.4   97.8   92.1   0.0   0.0   7.9   25..597          232    252    seg3prot2A        PA-X | PA-X protein
                                                          599..724                                         
gi_442796555.2     95.5   98.9   100.0  0.0   0.0   0.0   25..2175         716    716    seg3prot          PA | polymerase PA


Sequence               Length  Genes  Pseudogenes  CDS Bases  Peptide Bases  %Ref Identity  %Ref Similarity  %Ref Coverage   Ref DB
gi|442796551|gb|KC42     2341      2            0       2433            809           96.7             98.8          100.0   flua_db
gaps: 

gene_id            %id    %sim   %cov   %t5   %gap  %t3   start..stop      pep sz ref sz ref id            definition
gi_442796551.1     98.3   99.6   100.0  0.0   0.0   0.0   25..2298         757    757    seg2prot1B        PB1 | polymerase PB1
gi_442796551.2     73.1   86.1   100.0  0.0   0.0   0.0   233..391         52     52     seg2prot2H_putati PB1-F2 | PB1-F2 protein


Sequence               Length  Genes  Pseudogenes  CDS Bases  Peptide Bases  %Ref Identity  %Ref Similarity  %Ref Coverage   Ref DB
gi|442796549|gb|KC42     2341      1            0       2280            759           97.5             99.3          100.0   flua_db
gaps: 

gene_id            %id    %sim   %cov   %t5   %gap  %t3   start..stop      pep sz ref sz ref id            definition
gi_442796549.1     97.5   99.3   100.0  0.0   0.0   0.0   28..2307         759    759    Seg1prot          PB2 | polymerase PB2


Sequence               Length  Genes  Pseudogenes  CDS Bases  Peptide Bases  %Ref Identity  %Ref Similarity  %Ref Coverage   Ref DB
gi|410699083|gb|JX96      693      2            0        912            303           83.5             94.9           86.3   flua_db
gaps: 

gene_id            %id    %sim   %cov   %t5   %gap  %t3   start..stop      pep sz ref sz ref id            definition
gi_410699083.1     82.2   95.2   60.3   0.0   0.0   39.7  1..30            73     121    seg8prot2A        NEP | putative nuclear export protein, N-terminal
                                                          503..>693                                        
gi_410699083.2     84.3   94.6   100.0  0.0   0.0   0.0   1..693           230    230    seg8prot1I        NS1 | nonstructural protein 1


Sequence               Length  Genes  Pseudogenes  CDS Bases  Peptide Bases  %Ref Identity  %Ref Similarity  %Ref Coverage   Ref DB
gi|410699080|gb|JX96      982      2            0       1053            349           96.6             99.4          100.0   flua_db
gaps: 

gene_id            %id    %sim   %cov   %t5   %gap  %t3   start..stop      pep sz ref sz ref id            definition
gi_410699080.1     96.4   99.7   100.0  0.0   0.0   0.0   1..759           252    252    seg7prot1         M1 | matrix protein 1
gi_410699080.2     96.9   98.7   100.0  0.0   0.0   0.0   1..26            97     97     seg7prot2ADR2_S31 M2 | matrix protein 2
                                                          715..982                                         


Sequence               Length  Genes  Pseudogenes  CDS Bases  Peptide Bases  %Ref Identity  %Ref Similarity  %Ref Coverage   Ref DB
gi|410699078|gb|JX96     1497      1            0       1497            498           96.4             99.6          100.0   flua_db
gaps: 

gene_id            %id    %sim   %cov   %t5   %gap  %t3   start..stop      pep sz ref sz ref id            definition
gi_410699078.1     96.4   99.5   100.0  0.0   0.0   0.0   1..1497          498    498    seg5prot          NP | nucleocapsid protein


Sequence               Length  Genes  Pseudogenes  CDS Bases  Peptide Bases  %Ref Identity  %Ref Similarity  %Ref Coverage   Ref DB
gi|410699076|gb|JX96     2151      2            0       2910            968           92.7             97.6          100.0   flua_db
gaps: 

gene_id            %id    %sim   %cov   %t5   %gap  %t3   start..stop      pep sz ref sz ref id            definition
gi_410699076.1     90.5   95.0   100.0  0.0   0.0   0.0   1..573           252    252    seg3prot2A        PA-X | PA-X protein
                                                          575..760                                         
gi_410699076.2     93.4   98.6   100.0  0.0   0.0   0.0   1..2151          716    716    seg3prot          PA | polymerase PA


Sequence               Length  Genes  Pseudogenes  CDS Bases  Peptide Bases  %Ref Identity  %Ref Similarity  %Ref Coverage   Ref DB
gi|410699074|gb|JX96     2280      1            0       2280            759           96.2             99.6          100.0   flua_db
gaps: 

gene_id            %id    %sim   %cov   %t5   %gap  %t3   start..stop      pep sz ref sz ref id            definition
gi_410699074.1     96.2   99.6   100.0  0.0   0.0   0.0   1..2280          759    759    Seg1prot          PB2 | polymerase PB2


Sequence               Length  Genes  Pseudogenes  CDS Bases  Peptide Bases  %Ref Identity  %Ref Similarity  %Ref Coverage   Ref DB
gi|410699072|gb|JX96     2274      2            0       2433            809           94.6             98.1          100.0   flua_db
gaps: 

gene_id            %id    %sim   %cov   %t5   %gap  %t3   start..stop      pep sz ref sz ref id            definition
gi_410699072.1     96.3   99.2   100.0  0.0   0.0   0.0   1..2274          757    757    seg2prot1B        PB1 | polymerase PB1
gi_410699072.2     69.2   82.7   100.0  0.0   0.0   0.0   209..367         52     52     seg2prot2H_putati PB1-F2 | PB1-F2 protein


Sequence               Length  Genes  Pseudogenes  CDS Bases  Peptide Bases  %Ref Identity  %Ref Similarity  %Ref Coverage   Ref DB
gi|410699054|gb|JX96     1410      1            0       1410            469           82.8             94.5          100.0   flua_db
gaps: 

gene_id            %id    %sim   %cov   %t5   %gap  %t3   start..stop      pep sz ref sz ref id            definition
gi_410699054.1     82.8   94.4   100.0  0.0   0.0   0.0   1..1410          469    470    seg6prot1A        NA | neuraminidase


Sequence               Length  Genes  Pseudogenes  CDS Bases  Peptide Bases  %Ref Identity  %Ref Similarity  %Ref Coverage   Ref DB
gi|410699052|gb|JX96     1701      1            0       1701            566           80.2             94.0          100.0   flua_db
gaps: 

gene_id            %id    %sim   %cov   %t5   %gap  %t3   start..stop      pep sz ref sz ref id            definition
gi_410699052.1     80.2   94.0   100.0  0.0   0.0   0.0   1..1701          566    566    seg4protA         HA | hemagglutinin
gi_410699052.1.1   75.8   92.8   100.0  0.0   0.0   0.0   52..1032         327    327    seg4matureA2      HA1
gi_410699052.1.2   89.6   97.1   100.0  0.0   0.0   0.0   1033..1698       222    222    seg4matureA3      HA2


Sequence               Length  Genes  Pseudogenes  CDS Bases  Peptide Bases  %Ref Identity  %Ref Similarity  %Ref Coverage   Ref DB
gi|410699047|gb|JX96      693      2            0        912            303           85.5             95.7           86.3   flua_db
gaps: 

gene_id            %id    %sim   %cov   %t5   %gap  %t3   start..stop      pep sz ref sz ref id            definition
gi_410699047.1     84.9   96.6   60.3   0.0   0.0   39.7  1..30            73     121    seg8prot2A        NEP | putative nuclear export protein, N-terminal
                                                          503..>693                                        
gi_410699047.2     85.7   95.0   100.0  0.0   0.0   0.0   1..693           230    230    seg8prot1I        NS1 | nonstructural protein 1


Sequence               Length  Genes  Pseudogenes  CDS Bases  Peptide Bases  %Ref Identity  %Ref Similarity  %Ref Coverage   Ref DB
gi|410699044|gb|JX96      982      2            0       1053            349           96.0             99.4          100.0   flua_db
gaps: 

gene_id            %id    %sim   %cov   %t5   %gap  %t3   start..stop      pep sz ref sz ref id            definition
gi_410699044.1     96.4   99.7   100.0  0.0   0.0   0.0   1..759           252    252    seg7prot1         M1 | matrix protein 1
gi_410699044.2     94.8   98.7   100.0  0.0   0.0   0.0   1..26            97     97     seg7prot2ADR2_S31 M2 | matrix protein 2
                                                          715..982                                         


Sequence               Length  Genes  Pseudogenes  CDS Bases  Peptide Bases  %Ref Identity  %Ref Similarity  %Ref Coverage   Ref DB
gi|410699042|gb|JX96     2151      2            0       2910            968           92.1             97.4          100.0   flua_db
gaps: 

gene_id            %id    %sim   %cov   %t5   %gap  %t3   start..stop      pep sz ref sz ref id            definition
gi_410699042.1     88.9   94.6   100.0  0.0   0.0   0.0   1..573           252    252    seg3prot2A        PA-X | PA-X protein
                                                          575..760                                         
gi_410699042.2     93.3   98.5   100.0  0.0   0.0   0.0   1..2151          716    716    seg3prot          PA | polymerase PA


Sequence               Length  Genes  Pseudogenes  CDS Bases  Peptide Bases  %Ref Identity  %Ref Similarity  %Ref Coverage   Ref DB
gi|410699040|gb|JX96     2280      1            0       2280            759           96.2             99.6          100.0   flua_db
gaps: 

gene_id            %id    %sim   %cov   %t5   %gap  %t3   start..stop      pep sz ref sz ref id            definition
gi_410699040.1     96.2   99.6   100.0  0.0   0.0   0.0   1..2280          759    759    Seg1prot          PB2 | polymerase PB2


Sequence               Length  Genes  Pseudogenes  CDS Bases  Peptide Bases  %Ref Identity  %Ref Similarity  %Ref Coverage   Ref DB
gi|410699038|gb|JX96     2274      2            0       2433            809           94.9             98.3          100.0   flua_db
gaps: 

gene_id            %id    %sim   %cov   %t5   %gap  %t3   start..stop      pep sz ref sz ref id            definition
gi_410699038.1     96.6   99.4   100.0  0.0   0.0   0.0   1..2274          757    757    seg2prot1B        PB1 | polymerase PB1
gi_410699038.2     71.2   82.7   100.0  0.0   0.0   0.0   209..367         52     52     seg2prot2H_putati PB1-F2 | PB1-F2 protein


Sequence               Length  Genes  Pseudogenes  CDS Bases  Peptide Bases  %Ref Identity  %Ref Similarity  %Ref Coverage   Ref DB
gi|410699036|gb|JX96     1410      1            0       1410            469           82.1             94.5          100.0   flua_db
gaps: 

gene_id            %id    %sim   %cov   %t5   %gap  %t3   start..stop      pep sz ref sz ref id            definition
gi_410699036.1     82.1   94.4   100.0  0.0   0.0   0.0   1..1410          469    470    seg6prot1A        NA | neuraminidase


Sequence               Length  Genes  Pseudogenes  CDS Bases  Peptide Bases  %Ref Identity  %Ref Similarity  %Ref Coverage   Ref DB
gi|410699034|gb|JX96     1701      1            0       1701            566           80.4             94.3          100.0   flua_db
gaps: 

gene_id            %id    %sim   %cov   %t5   %gap  %t3   start..stop      pep sz ref sz ref id            definition
gi_410699034.1     80.4   94.3   100.0  0.0   0.0   0.0   1..1701          566    566    seg4protA         HA | hemagglutinin
gi_410699034.1.1   76.5   93.3   100.0  0.0   0.0   0.0   52..1032         327    327    seg4matureA2      HA1
gi_410699034.1.2   89.2   97.1   100.0  0.0   0.0   0.0   1033..1698       222    222    seg4matureA3      HA2


Sequence               Length  Genes  Pseudogenes  CDS Bases  Peptide Bases  %Ref Identity  %Ref Similarity  %Ref Coverage   Ref DB
gi|408830545|gb|JX86     1497      1            0       1497            498           96.6             99.4          100.0   flua_db
gaps: 

gene_id            %id    %sim   %cov   %t5   %gap  %t3   start..stop      pep sz ref sz ref id            definition
gi_408830545.1     96.6   99.3   100.0  0.0   0.0   0.0   1..1497          498    498    seg5prot          NP | nucleocapsid protein


Sequence               Length  Genes  Pseudogenes  CDS Bases  Peptide Bases  %Ref Identity  %Ref Similarity  %Ref Coverage   Ref DB
gi|459254143|gb|KC61     2274      1            1       2274            757           96.8             99.7          100.0   flua_db
gaps: 

gene_id            %id    %sim   %cov   %t5   %gap  %t3   start..stop      pep sz ref sz ref id            definition
gi_459254143.1     96.8   99.7   100.0  0.0   0.0   0.0   1..2274          757    757    seg2prot1B        PB1 | polymerase PB1
gi_459254143.2     78.2   84.2   100.0  0.0   0.0   0.0   95..400          101    101    seg2prot2F        PB1-F2 | PB1-F2 protein
                    stop codons embedded in CDS at 128..130, 266..268, 356..358 and 365..367


Sequence               Length  Genes  Pseudogenes  CDS Bases  Peptide Bases  %Ref Identity  %Ref Similarity  %Ref Coverage   Ref DB
gi|459254069|gb|KC61     2274      1            1       2274            757           97.4             99.7          100.0   flua_db
gaps: 

gene_id            %id    %sim   %cov   %t5   %gap  %t3   start..stop      pep sz ref sz ref id            definition
gi_459254069.1     97.4   99.8   100.0  0.0   0.0   0.0   1..2274          757    757    seg2prot1B        PB1 | polymerase PB1
gi_459254069.2     88.9   92.8   100.0  0.0   0.0   0.0   95..367          90     90     seg2prot2M        PB1-F2 | PB1-F2 protein
                    stop codon embedded in CDS at 332..334


Sequence               Length  Genes  Pseudogenes  CDS Bases  Peptide Bases  %Ref Identity  %Ref Similarity  %Ref Coverage   Ref DB
gi|451330202|gb|KC50     2274      1            1       2274            757           96.6             99.5          100.0   flua_db
gaps: 

gene_id            %id    %sim   %cov   %t5   %gap  %t3   start..stop      pep sz ref sz ref id            definition
gi_451330202.1     96.6   99.5   100.0  0.0   0.0   0.0   1..2274          757    757    seg2prot1B        PB1 | polymerase PB1
gi_451330202.2     77.2   83.7   100.0  0.0   0.0   0.0   95..400          101    101    seg2prot2F        PB1-F2 | PB1-F2 protein
                    stop codons embedded in CDS at 128..130, 356..358 and 365..367


Sequence               Length  Genes  Pseudogenes  CDS Bases  Peptide Bases  %Ref Identity  %Ref Similarity  %Ref Coverage   Ref DB
gi|451330113|gb|KC50     2274      1            1       2274            757           96.7             99.7          100.0   flua_db
gaps: 

gene_id            %id    %sim   %cov   %t5   %gap  %t3   start..stop      pep sz ref sz ref id            definition
gi_451330113.1     96.7   99.7   100.0  0.0   0.0   0.0   1..2274          757    757    seg2prot1B        PB1 | polymerase PB1
gi_451330113.2     78.2   84.2   100.0  0.0   0.0   0.0   95..400          101    101    seg2prot2F        PB1-F2 | PB1-F2 protein
                    stop codons embedded in CDS at 128..130, 266..268, 356..358 and 365..367


Sequence               Length  Genes  Pseudogenes  CDS Bases  Peptide Bases  %Ref Identity  %Ref Similarity  %Ref Coverage   Ref DB
gi|451330091|gb|KC50     2274      1            1       2274            757           97.1             99.7          100.0   flua_db
gaps: 

gene_id            %id    %sim   %cov   %t5   %gap  %t3   start..stop      pep sz ref sz ref id            definition
gi_451330091.1     97.1   99.7   100.0  0.0   0.0   0.0   1..2274          757    757    seg2prot1B        PB1 | polymerase PB1
gi_451330091.2     80.2   85.1   100.0  0.0   0.0   0.0   95..400          101    101    seg2prot2F        PB1-F2 | PB1-F2 protein
                    stop codons embedded in CDS at 128..130, 266..268 and 365..367


Sequence               Length  Genes  Pseudogenes  CDS Bases  Peptide Bases  %Ref Identity  %Ref Similarity  %Ref Coverage   Ref DB
gi|445069079|gb|KC46      838      2            0       1020            338           87.8             95.9           96.8   flua_db
gaps: 

gene_id            %id    %sim   %cov   %t5   %gap  %t3   start..stop      pep sz ref sz ref id            definition
gi_445069079.1     86.2   96.0   95.1   0.0   0.0   4.9   1..654           217    223    seg8prot1D        NS1 | non-structual protein 1
gi_445069079.2     90.9   95.9   100.0  0.0   0.0   0.0   1..30            121    121    seg8prot2A        NEP | nuclear export protein
                                                          503..838                                         


Sequence               Length  Genes  Pseudogenes  CDS Bases  Peptide Bases  %Ref Identity  %Ref Similarity  %Ref Coverage   Ref DB
gi|445069076|gb|KC46      982      2            0       1053            349           92.3             98.9          100.0   flua_db
gaps: 

gene_id            %id    %sim   %cov   %t5   %gap  %t3   start..stop      pep sz ref sz ref id            definition
gi_445069076.1     93.3   99.4   100.0  0.0   0.0   0.0   1..759           252    252    seg7prot1         M1 | matrix protein 1
gi_445069076.2     89.7   97.9   100.0  0.0   0.0   0.0   1..26            97     97     seg7prot2ADR2_S31 M2 | matrix protein 2
                                                          715..982                                         


Sequence               Length  Genes  Pseudogenes  CDS Bases  Peptide Bases  %Ref Identity  %Ref Similarity  %Ref Coverage   Ref DB
gi|445069074|gb|KC46     1401      1            0       1401            466           86.1             96.4          100.0   flua_db
gaps: 

gene_id            %id    %sim   %cov   %t5   %gap  %t3   start..stop      pep sz ref sz ref id            definition
gi_445069074.1     86.1   96.4   100.0  0.0   0.0   0.0   1..1401          466    469    seg6prot1B        NA | neuraminidase


Sequence               Length  Genes  Pseudogenes  CDS Bases  Peptide Bases  %Ref Identity  %Ref Similarity  %Ref Coverage   Ref DB
gi|445069072|gb|KC46     1497      1            0       1497            498           97.4             99.6          100.0   flua_db
gaps: 

gene_id            %id    %sim   %cov   %t5   %gap  %t3   start..stop      pep sz ref sz ref id            definition
gi_445069072.1     97.4   99.6   100.0  0.0   0.0   0.0   1..1497          498    498    seg5prot          NP | nucleocapsid protein


Sequence               Length  Genes  Pseudogenes  CDS Bases  Peptide Bases  %Ref Identity  %Ref Similarity  %Ref Coverage   Ref DB
gi|445069070|gb|KC46     1683      1            0       1683            560           87.0             97.7          100.0   flua_db
gaps: 

gene_id            %id    %sim   %cov   %t5   %gap  %t3   start..stop      pep sz ref sz ref id            definition
gi_445069070.1     87.0   97.6   100.0  0.0   0.0   0.0   1..1683          560    560    seg4protJ         HA | hemagglutinin
gi_445069070.1.1   55.6   91.7   100.0  0.0   0.0   0.0   1..54            18     18     seg4matureJ1      signal peptide
gi_445069070.1.2   84.4   97.1   100.0  0.0   0.0   0.0   55..1014         320    320    seg4matureJ2      HA1
gi_445069070.1.3   93.2   98.8   100.0  0.0   0.0   0.0   1015..1680       222    222    seg4matureJ3      HA2


Sequence               Length  Genes  Pseudogenes  CDS Bases  Peptide Bases  %Ref Identity  %Ref Similarity  %Ref Coverage   Ref DB
gi|445069068|gb|KC46     2151      2            0       2910            968           94.7             97.9          100.0   flua_db
gaps: 

gene_id            %id    %sim   %cov   %t5   %gap  %t3   start..stop      pep sz ref sz ref id            definition
gi_445069068.1     91.7   95.8   100.0  0.0   0.0   0.0   1..573           252    252    seg3prot2A        PA-X | PA-X protein
                                                          575..760                                         
gi_445069068.2     95.8   98.7   100.0  0.0   0.0   0.0   1..2151          716    716    seg3prot          PA | polymerase PA


dropping pseudogene gi_445069066.2, fails match requirements: %id 63.4 < 70, %sim 78.0 < 80
gene_id            %id    %sim   %cov   %t5   %gap  %t3   start..stop      pep sz ref sz ref id            definition
gi_445069066.2     63.4   78.0   100.0  0.0   0.0   0.0   95..400          101    101    seg2prot2F        PB1-F2 | PB1-F2 protein
                    stop codon embedded in CDS at 365..367

Sequence               Length  Genes  Pseudogenes  CDS Bases  Peptide Bases  %Ref Identity  %Ref Similarity  %Ref Coverage   Ref DB
gi|445069066|gb|KC46     2274      1            0       2274            757           98.3             99.9          100.0   flua_db
gaps: 

gene_id            %id    %sim   %cov   %t5   %gap  %t3   start..stop      pep sz ref sz ref id            definition
gi_445069066.1     98.3   99.9   100.0  0.0   0.0   0.0   1..2274          757    757    seg2prot1B        PB1 | polymerase PB1


Sequence               Length  Genes  Pseudogenes  CDS Bases  Peptide Bases  %Ref Identity  %Ref Similarity  %Ref Coverage   Ref DB
gi|402485390|gb|JX46      890      2            0       1059            351           94.6             99.1          100.0   flua_db
gaps: 

gene_id            %id    %sim   %cov   %t5   %gap  %t3   start..stop      pep sz ref sz ref id            definition
gi_402485390.1     96.1   99.9   100.0  0.0   0.0   0.0   27..719          230    230    seg8prot1I        NS1 | nonstructural protein 1
gi_402485390.2     91.7   97.7   100.0  0.0   0.0   0.0   27..56           121    121    seg8prot2A        NEP | nuclear export protein
                                                          529..864                                         


Sequence               Length  Genes  Pseudogenes  CDS Bases  Peptide Bases  %Ref Identity  %Ref Similarity  %Ref Coverage   Ref DB
gi|402485387|gb|JX46     1027      2            0       1053            349           99.1            100.0          100.0   flua_db
gaps: 

gene_id            %id    %sim   %cov   %t5   %gap  %t3   start..stop      pep sz ref sz ref id            definition
gi_402485387.1     100.0  100.0  100.0  0.0   0.0   0.0   26..784          252    252    seg7prot1         M1 | matrix protein 1
gi_402485387.2     96.9   99.7   100.0  0.0   0.0   0.0   26..51           97     97     seg7prot2A        M2 | matrix protein 2
                                                          740..1007                                        


Sequence               Length  Genes  Pseudogenes  CDS Bases  Peptide Bases  %Ref Identity  %Ref Similarity  %Ref Coverage   Ref DB
gi|402485385|gb|JX46     1466      1            0       1419            472           98.9             99.8          100.0   flua_db
gaps: 

gene_id            %id    %sim   %cov   %t5   %gap  %t3   start..stop      pep sz ref sz ref id            definition
gi_402485385.1     98.9   99.7   100.0  0.0   0.0   0.0   21..1439         472    472    seg6prot1D        NA | neuraminidase


Sequence               Length  Genes  Pseudogenes  CDS Bases  Peptide Bases  %Ref Identity  %Ref Similarity  %Ref Coverage   Ref DB
gi|402485383|gb|JX46     1565      1            0       1497            498           99.4            100.0          100.0   flua_db
gaps: 

gene_id            %id    %sim   %cov   %t5   %gap  %t3   start..stop      pep sz ref sz ref id            definition
gi_402485383.1     99.4   99.9   100.0  0.0   0.0   0.0   46..1542         498    498    seg5prot          NP | nucleocapsid protein


Sequence               Length  Genes  Pseudogenes  CDS Bases  Peptide Bases  %Ref Identity  %Ref Similarity  %Ref Coverage   Ref DB
gi|402485381|gb|JX46     1744      1            0       1701            566           95.8             99.3          100.0   flua_db
gaps: 

gene_id            %id    %sim   %cov   %t5   %gap  %t3   start..stop      pep sz ref sz ref id            definition
gi_402485381.1     95.8   99.3   100.0  0.0   0.0   0.0   18..1718         566    566    seg4protF         HA | hemagglutinin
gi_402485381.1.1   87.5   100.0  100.0  0.0   0.0   0.0   18..65           16     16     seg4matureF1      signal peptide
gi_402485381.1.2   96.0   99.5   100.0  0.0   0.0   0.0   66..1049         328    328    seg4matureF2      HA1
gi_402485381.1.3   95.9   99.0   100.0  0.0   0.0   0.0   1050..1715       222    222    seg4matureF3      HA2


Sequence               Length  Genes  Pseudogenes  CDS Bases  Peptide Bases  %Ref Identity  %Ref Similarity  %Ref Coverage   Ref DB
gi|402485379|gb|JX46     2233      2            0       2910            968           95.7             98.5          100.0   flua_db
gaps: 

gene_id            %id    %sim   %cov   %t5   %gap  %t3   start..stop      pep sz ref sz ref id            definition
gi_402485379.1     93.3   96.5   100.0  0.0   0.0   0.0   25..597          252    252    seg3prot2A        PA-X | PA-X protein
                                                          599..784                                         
gi_402485379.2     96.5   99.1   100.0  0.0   0.0   0.0   25..2175         716    716    seg3prot          PA | polymerase PA


dropping pseudogene gi_402485375.2, fails match requirements: %id 68.3 < 70, %sim 78.7 < 80
gene_id            %id    %sim   %cov   %t5   %gap  %t3   start..stop      pep sz ref sz ref id            definition
gi_402485375.2     68.3   78.7   100.0  0.0   0.0   0.0   119..424         101    101    seg2prot2F        PB1-F2 | PB1-F2 protein
                    stop codon embedded in CDS at 389..391

Sequence               Length  Genes  Pseudogenes  CDS Bases  Peptide Bases  %Ref Identity  %Ref Similarity  %Ref Coverage   Ref DB
gi|402485375|gb|JX46     2341      1            0       2274            757           99.3             99.9          100.0   flua_db
gaps: 

gene_id            %id    %sim   %cov   %t5   %gap  %t3   start..stop      pep sz ref sz ref id            definition
gi_402485375.1     99.3   99.9   100.0  0.0   0.0   0.0   25..2298         757    757    seg2prot1B        PB1 | polymerase PB1


Sequence               Length  Genes  Pseudogenes  CDS Bases  Peptide Bases  %Ref Identity  %Ref Similarity  %Ref Coverage   Ref DB
gi|402485373|gb|JX46     2341      1            0       2280            759           99.1             99.7          100.0   flua_db
gaps: 

gene_id            %id    %sim   %cov   %t5   %gap  %t3   start..stop      pep sz ref sz ref id            definition
gi_402485373.1     99.1   99.7   100.0  0.0   0.0   0.0   28..2307         759    759    Seg1prot          PB2 | polymerase PB2


Sequence               Length  Genes  Pseudogenes  CDS Bases  Peptide Bases  %Ref Identity  %Ref Similarity  %Ref Coverage   Ref DB
gi|395628603|gb|JX19     2274      2            0       2433            809           97.0             98.9          100.0   flua_db
gaps: 

gene_id            %id    %sim   %cov   %t5   %gap  %t3   start..stop      pep sz ref sz ref id            definition
gi_395628603.1     98.7   99.8   100.0  0.0   0.0   0.0   1..2274          757    757    seg2prot1B        PB1 | polymerase PB1
gi_395628603.2     73.1   86.1   100.0  0.0   0.0   0.0   209..367         52     52     seg2prot2H_putati PB1-F2 | PB1-F2 protein


Sequence               Length  Genes  Pseudogenes  CDS Bases  Peptide Bases  %Ref Identity  %Ref Similarity  %Ref Coverage   Ref DB
gi|356471843|gb|JN86     2280      1            0       2280            759           98.0             99.3          100.0   flua_db
gaps: 

gene_id            %id    %sim   %cov   %t5   %gap  %t3   start..stop      pep sz ref sz ref id            definition
gi_356471843.1     98.0   99.3   100.0  0.0   0.0   0.0   1..2280          759    759    Seg1prot          PB2 | polymerase PB2


dropping pseudogene gi_356471841.2, fails match requirements: %id 65.6 < 70
gene_id            %id    %sim   %cov   %t5   %gap  %t3   start..stop      pep sz ref sz ref id            definition
gi_356471841.2     65.6   83.6   100.0  0.0   0.0   0.0   95..367          90     90     seg2prot2M        PB1-F2 | PB1-F2 protein
                    stop codon embedded in CDS at 332..334

Sequence               Length  Genes  Pseudogenes  CDS Bases  Peptide Bases  %Ref Identity  %Ref Similarity  %Ref Coverage   Ref DB
gi|356471841|gb|JN86     2274      1            0       2274            757           97.0             99.7          100.0   flua_db
gaps: 

gene_id            %id    %sim   %cov   %t5   %gap  %t3   start..stop      pep sz ref sz ref id            definition
gi_356471841.1     97.0   99.7   100.0  0.0   0.0   0.0   1..2274          757    757    seg2prot1B        PB1 | polymerase PB1


Sequence               Length  Genes  Pseudogenes  CDS Bases  Peptide Bases  %Ref Identity  %Ref Similarity  %Ref Coverage   Ref DB
gi|356471839|gb|JN86     2151      2            0       2910            968           95.0             98.2          100.0   flua_db
gaps: 

gene_id            %id    %sim   %cov   %t5   %gap  %t3   start..stop      pep sz ref sz ref id            definition
gi_356471839.1     92.5   96.7   100.0  0.0   0.0   0.0   1..573           252    252    seg3prot2A        PA-X | PA-X protein
                                                          575..760                                         
gi_356471839.2     95.9   98.8   100.0  0.0   0.0   0.0   1..2151          716    716    seg3prot          PA | polymerase PA


Sequence               Length  Genes  Pseudogenes  CDS Bases  Peptide Bases  %Ref Identity  %Ref Similarity  %Ref Coverage   Ref DB
gi|356471837|gb|JN86     1497      1            0       1497            498           97.2             99.6          100.0   flua_db
gaps: 

gene_id            %id    %sim   %cov   %t5   %gap  %t3   start..stop      pep sz ref sz ref id            definition
gi_356471837.1     97.2   99.5   100.0  0.0   0.0   0.0   1..1497          498    498    seg5prot          NP | nucleocapsid protein


Sequence               Length  Genes  Pseudogenes  CDS Bases  Peptide Bases  %Ref Identity  %Ref Similarity  %Ref Coverage   Ref DB
gi|356471835|gb|JN86     1410      1            0       1410            469           87.8             96.6          100.0   flua_db
gaps: 

gene_id            %id    %sim   %cov   %t5   %gap  %t3   start..stop      pep sz ref sz ref id            definition
gi_356471835.1     87.8   96.5   100.0  0.0   0.0   0.0   1..1410          469    469    seg6prot1B        NA | neuraminidase


Sequence               Length  Genes  Pseudogenes  CDS Bases  Peptide Bases  %Ref Identity  %Ref Similarity  %Ref Coverage   Ref DB
gi|356471832|gb|JN86      982      2            0       1053            349           93.4             98.9          100.0   flua_db
gaps: 

gene_id            %id    %sim   %cov   %t5   %gap  %t3   start..stop      pep sz ref sz ref id            definition
gi_356471832.1     94.0   99.5   100.0  0.0   0.0   0.0   1..759           252    252    seg7prot1         M1 | matrix protein 1
gi_356471832.2     91.8   96.6   100.0  0.0   0.0   0.0   1..26            97     97     seg7prot2A        M2 | matrix protein 2
                                                          715..982                                         


Sequence               Length  Genes  Pseudogenes  CDS Bases  Peptide Bases  %Ref Identity  %Ref Similarity  %Ref Coverage   Ref DB
gi|356471829|gb|JN86      838      2            0       1020            338           89.2             97.2           96.3   flua_db
gaps: 

gene_id            %id    %sim   %cov   %t5   %gap  %t3   start..stop      pep sz ref sz ref id            definition
gi_356471829.1     87.6   96.7   94.3   0.0   0.0   5.7   1..654           217    230    seg8prot1I        NS1 | nonstructural protein 1
gi_356471829.2     92.6   98.6   100.0  0.0   0.0   0.0   1..30            121    121    seg8prot2A        NEP | nuclear export protein
                                                          503..838                                         


Sequence               Length  Genes  Pseudogenes  CDS Bases  Peptide Bases  %Ref Identity  %Ref Similarity  %Ref Coverage   Ref DB
gi|401715778|gb|JX44     2274      1            1       2274            757           96.7             99.7          100.0   flua_db
gaps: 

gene_id            %id    %sim   %cov   %t5   %gap  %t3   start..stop      pep sz ref sz ref id            definition
gi_401715778.1     96.7   99.8   100.0  0.0   0.0   0.0   1..2274          757    757    seg2prot1B        PB1 | polymerase PB1
gi_401715778.2     78.2   84.2   100.0  0.0   0.0   0.0   95..400          101    101    seg2prot2F        PB1-F2 | PB1-F2 protein
                    stop codons embedded in CDS at 128..130, 266..268, 356..358 and 365..367


Sequence               Length  Genes  Pseudogenes  CDS Bases  Peptide Bases  %Ref Identity  %Ref Similarity  %Ref Coverage   Ref DB
gi|395485889|gb|JX15     2342      1            0       2280            759           98.7             99.7          100.0   flua_db
gaps: 

gene_id            %id    %sim   %cov   %t5   %gap  %t3   start..stop      pep sz ref sz ref id            definition
gi_395485889.1     98.7   99.7   100.0  0.0   0.0   0.0   29..2308         759    759    Seg1prot          PB2 | polymerase PB2


dropping pseudogene gi_395485886.2, fails match requirements: %id 66.3 < 70, %sim 79.0 < 80
gene_id            %id    %sim   %cov   %t5   %gap  %t3   start..stop      pep sz ref sz ref id            definition
gi_395485886.2     66.3   79.0   100.0  0.0   0.0   0.0   119..424         101    101    seg2prot2F        PB1-F2 | PB1-F2 protein
                    stop codon embedded in CDS at 389..391

Sequence               Length  Genes  Pseudogenes  CDS Bases  Peptide Bases  %Ref Identity  %Ref Similarity  %Ref Coverage   Ref DB
gi|395485886|gb|JX15     2342      1            0       2274            757           99.1             99.6          100.0   flua_db
gaps: 

gene_id            %id    %sim   %cov   %t5   %gap  %t3   start..stop      pep sz ref sz ref id            definition
gi_395485886.1     99.1   99.6   100.0  0.0   0.0   0.0   25..2298         757    757    seg2prot1B        PB1 | polymerase PB1


Sequence               Length  Genes  Pseudogenes  CDS Bases  Peptide Bases  %Ref Identity  %Ref Similarity  %Ref Coverage   Ref DB
gi|395485884|gb|JX15     2227      2            0       2910            968           95.4             98.5          100.0   flua_db
gaps: 

gene_id            %id    %sim   %cov   %t5   %gap  %t3   start..stop      pep sz ref sz ref id            definition
gi_395485884.1     92.5   96.5   100.0  0.0   0.0   0.0   19..591          252    252    seg3prot2A        PA-X | PA-X protein
                                                          593..778                                         
gi_395485884.2     96.4   99.1   100.0  0.0   0.0   0.0   19..2169         716    716    seg3prot          PA | polymerase PA


Sequence               Length  Genes  Pseudogenes  CDS Bases  Peptide Bases  %Ref Identity  %Ref Similarity  %Ref Coverage   Ref DB
gi|395485881|gb|JX15      890      2            0       1059            351           91.7             98.6          100.0   flua_db
gaps: 

gene_id            %id    %sim   %cov   %t5   %gap  %t3   start..stop      pep sz ref sz ref id            definition
gi_395485881.1     93.0   99.5   100.0  0.0   0.0   0.0   27..719          230    230    seg8prot1I        NS1 | nonstructural protein 1
gi_395485881.2     89.3   96.9   100.0  0.0   0.0   0.0   27..56           121    121    seg8prot2A        NEP | nuclear export protein
                                                          529..864                                         


Sequence               Length  Genes  Pseudogenes  CDS Bases  Peptide Bases  %Ref Identity  %Ref Similarity  %Ref Coverage   Ref DB
gi|395485877|gb|JX15     1488      1            0       1413            470           67.2             87.1          100.0   flua_db
gaps: 

gene_id            %id    %sim   %cov   %t5   %gap  %t3   start..stop      pep sz ref sz ref id            definition
gi_395485877.1     67.2   87.0   100.0  0.0   0.0   0.0   48..1460         470    472    seg6prot1D        NA | neuraminidase


Sequence               Length  Genes  Pseudogenes  CDS Bases  Peptide Bases  %Ref Identity  %Ref Similarity  %Ref Coverage   Ref DB
gi|395485874|gb|JX15     1027      2            0       1053            349           98.6             99.7          100.0   flua_db
gaps: 

gene_id            %id    %sim   %cov   %t5   %gap  %t3   start..stop      pep sz ref sz ref id            definition
gi_395485874.1     100.0  100.0  100.0  0.0   0.0   0.0   26..784          252    252    seg7prot1         M1 | matrix protein 1
gi_395485874.2     94.8   98.5   100.0  0.0   0.0   0.0   26..51           97     97     seg7prot2A        M2 | matrix protein 2
                                                          740..1007                                        


Sequence               Length  Genes  Pseudogenes  CDS Bases  Peptide Bases  %Ref Identity  %Ref Similarity  %Ref Coverage   Ref DB
gi|395485872|gb|JX15     1760      1            0       1695            564           96.6             99.6          100.0   flua_db
gaps: 

gene_id            %id    %sim   %cov   %t5   %gap  %t3   start..stop      pep sz ref sz ref id            definition
gi_395485872.1     96.6   99.6   100.0  0.0   0.0   0.0   31..1725         564    564    seg4protG         HA | hemagglutinin
gi_395485872.1.1   87.5   98.4   100.0  0.0   0.0   0.0   31..78           16     16     seg4matureG1      signal peptide
gi_395485872.1.2   95.7   99.5   100.0  0.0   0.0   0.0   79..1059         327    327    seg4matureG2      HA1
gi_395485872.1.3   98.6   100.0  100.0  0.0   0.0   0.0   1060..1722       221    221    seg4matureG3      HA2


Sequence               Length  Genes  Pseudogenes  CDS Bases  Peptide Bases  %Ref Identity  %Ref Similarity  %Ref Coverage   Ref DB
gi|393192451|gb|JX16      890      2            0       1059            351           92.3             98.0          100.0   flua_db
gaps: 

gene_id            %id    %sim   %cov   %t5   %gap  %t3   start..stop      pep sz ref sz ref id            definition
gi_393192451.1     93.0   98.6   100.0  0.0   0.0   0.0   27..719          230    230    seg8prot1I        NS1 | nonstructural protein 1
gi_393192451.2     90.9   96.9   100.0  0.0   0.0   0.0   27..56           121    121    seg8prot2A        NEP | nuclear export protein
                                                          529..864                                         


Sequence               Length  Genes  Pseudogenes  CDS Bases  Peptide Bases  %Ref Identity  %Ref Similarity  %Ref Coverage   Ref DB
gi|393192446|gb|JX16     1467      1            0       1410            469           91.7             98.3          100.0   flua_db
gaps: 

gene_id            %id    %sim   %cov   %t5   %gap  %t3   start..stop      pep sz ref sz ref id            definition
gi_393192446.1     91.7   98.3   100.0  0.0   0.0   0.0   20..1429         469    469    seg6prot1B        NA | neuraminidase


Sequence               Length  Genes  Pseudogenes  CDS Bases  Peptide Bases  %Ref Identity  %Ref Similarity  %Ref Coverage   Ref DB
gi|393192435|gb|JX16     2341      1            0       2280            759           98.3             99.3          100.0   flua_db
gaps: 

gene_id            %id    %sim   %cov   %t5   %gap  %t3   start..stop      pep sz ref sz ref id            definition
gi_393192435.1     98.3   99.4   100.0  0.0   0.0   0.0   28..2307         759    759    Seg1prot          PB2 | polymerase PB2


Sequence               Length  Genes  Pseudogenes  CDS Bases  Peptide Bases  %Ref Identity  %Ref Similarity  %Ref Coverage   Ref DB
gi|391886505|gb|JX09      879      2            0       1059            351           92.6             98.6          100.0   flua_db
gaps: 

gene_id            %id    %sim   %cov   %t5   %gap  %t3   start..stop      pep sz ref sz ref id            definition
gi_391886505.1     93.5   99.5   100.0  0.0   0.0   0.0   1..693           230    230    seg8prot1I        NS1 | nonstructural protein 1
gi_391886505.2     90.9   97.1   100.0  0.0   0.0   0.0   1..30            121    121    seg8prot2A        NEP | nuclear export protein
                                                          503..838                                         


Sequence               Length  Genes  Pseudogenes  CDS Bases  Peptide Bases  %Ref Identity  %Ref Similarity  %Ref Coverage   Ref DB
gi|391886502|gb|JX09     1033      2            0       1053            349           97.7             99.1          100.0   flua_db
gaps: 

gene_id            %id    %sim   %cov   %t5   %gap  %t3   start..stop      pep sz ref sz ref id            definition
gi_391886502.1     97.2   98.7   100.0  0.0   0.0   0.0   29..787          252    252    seg7prot1         M1 | matrix protein 1
gi_391886502.2     99.0   99.7   100.0  0.0   0.0   0.0   29..54           97     97     seg7prot2A        M2 | matrix protein 2
                                                          743..1010                                        


Sequence               Length  Genes  Pseudogenes  CDS Bases  Peptide Bases  %Ref Identity  %Ref Similarity  %Ref Coverage   Ref DB
gi|391886496|gb|JX09     1701      1            0       1701            566           26.1             58.0          100.0   flua_db
gaps: 

gene_id            %id    %sim   %cov   %t5   %gap  %t3   start..stop      pep sz ref sz ref id            definition
gi_391886496.1     26.1   58.0   100.0  0.0   0.0   0.0   1..1701          566    566    seg4prot3A        HA | hemagglutinin


Sequence               Length  Genes  Pseudogenes  CDS Bases  Peptide Bases  %Ref Identity  %Ref Similarity  %Ref Coverage   Ref DB
gi|391886494|gb|JX09     2151      2            0       2910            968           95.5             98.5          100.0   flua_db
gaps: 

gene_id            %id    %sim   %cov   %t5   %gap  %t3   start..stop      pep sz ref sz ref id            definition
gi_391886494.1     92.9   96.5   100.0  0.0   0.0   0.0   1..573           252    252    seg3prot2A        PA-X | PA-X protein
                                                          575..760                                         
gi_391886494.2     96.4   99.1   100.0  0.0   0.0   0.0   1..2151          716    716    seg3prot          PA | polymerase PA


dropping pseudogene gi_391886491.2, fails match requirements: %id 67.3 < 70, %sim 79.0 < 80
gene_id            %id    %sim   %cov   %t5   %gap  %t3   start..stop      pep sz ref sz ref id            definition
gi_391886491.2     67.3   79.0   100.0  0.0   0.0   0.0   118..423         101    101    seg2prot2F        PB1-F2 | PB1-F2 protein
                    stop codon embedded in CDS at 388..390

Sequence               Length  Genes  Pseudogenes  CDS Bases  Peptide Bases  %Ref Identity  %Ref Similarity  %Ref Coverage   Ref DB
gi|391886491|gb|JX09     2325      1            0       2274            757           98.7             99.3          100.0   flua_db
gaps: 

gene_id            %id    %sim   %cov   %t5   %gap  %t3   start..stop      pep sz ref sz ref id            definition
gi_391886491.1     98.7   99.4   100.0  0.0   0.0   0.0   24..2297         757    757    seg2prot1B        PB1 | polymerase PB1


Sequence               Length  Genes  Pseudogenes  CDS Bases  Peptide Bases  %Ref Identity  %Ref Similarity  %Ref Coverage   Ref DB
gi|391886489|gb|JX09     2280      1            0       2280            759           98.6             99.7          100.0   flua_db
gaps: 

gene_id            %id    %sim   %cov   %t5   %gap  %t3   start..stop      pep sz ref sz ref id            definition
gi_391886489.1     98.6   99.7   100.0  0.0   0.0   0.0   1..2280          759    759    Seg1prot          PB2 | polymerase PB2


Sequence               Length  Genes  Pseudogenes  CDS Bases  Peptide Bases  %Ref Identity  %Ref Similarity  %Ref Coverage   Ref DB
gi|395485869|gb|JX17      890      2            0       1059            351           93.2             99.1          100.0   flua_db
gaps: 

gene_id            %id    %sim   %cov   %t5   %gap  %t3   start..stop      pep sz ref sz ref id            definition
gi_395485869.1     94.3   99.9   100.0  0.0   0.0   0.0   27..719          230    230    seg8prot1I        NS1 | nonstructural protein 1
gi_395485869.2     90.9   97.7   100.0  0.0   0.0   0.0   27..56           121    121    seg8prot2A        NEP | nuclear export protein
                                                          529..864                                         


Sequence               Length  Genes  Pseudogenes  CDS Bases  Peptide Bases  %Ref Identity  %Ref Similarity  %Ref Coverage   Ref DB
gi|395485866|gb|JX17     1027      2            0       1053            349           99.4            100.0          100.0   flua_db
gaps: 

gene_id            %id    %sim   %cov   %t5   %gap  %t3   start..stop      pep sz ref sz ref id            definition
gi_395485866.1     99.6   100.0  100.0  0.0   0.0   0.0   26..784          252    252    seg7prot1         M1 | matrix protein 1
gi_395485866.2     99.0   99.7   100.0  0.0   0.0   0.0   26..51           97     97     seg7prot2A        M2 | matrix protein 2
                                                          740..1007                                        


Sequence               Length  Genes  Pseudogenes  CDS Bases  Peptide Bases  %Ref Identity  %Ref Similarity  %Ref Coverage   Ref DB
gi|395485864|gb|JX17     1410      1            0       1410            469           92.1             97.7          100.0   flua_db
gaps: 

gene_id            %id    %sim   %cov   %t5   %gap  %t3   start..stop      pep sz ref sz ref id            definition
gi_395485864.1     92.1   97.7   100.0  0.0   0.0   0.0   1..1410          469    469    seg6prot1B        NA | neuraminidase


Sequence               Length  Genes  Pseudogenes  CDS Bases  Peptide Bases  %Ref Identity  %Ref Similarity  %Ref Coverage   Ref DB
gi|395485862|gb|JX17     1565      1            0       1497            498           98.6             99.6          100.0   flua_db
gaps: 

gene_id            %id    %sim   %cov   %t5   %gap  %t3   start..stop      pep sz ref sz ref id            definition
gi_395485862.1     98.6   99.6   100.0  0.0   0.0   0.0   46..1542         498    498    seg5prot          NP | nucleocapsid protein


Sequence               Length  Genes  Pseudogenes  CDS Bases  Peptide Bases  %Ref Identity  %Ref Similarity  %Ref Coverage   Ref DB
gi|395485860|gb|JX17     1701      1            0       1701            566           26.5             59.4          100.0   flua_db
gaps: 

gene_id            %id    %sim   %cov   %t5   %gap  %t3   start..stop      pep sz ref sz ref id            definition
gi_395485860.1     26.5   59.4   100.0  0.0   0.0   0.0   1..1701          566    566    seg4prot3A        HA | hemagglutinin


Sequence               Length  Genes  Pseudogenes  CDS Bases  Peptide Bases  %Ref Identity  %Ref Similarity  %Ref Coverage   Ref DB
gi|395485858|gb|JX17     2233      2            0       2910            968           95.2             98.6          100.0   flua_db
gaps: 

gene_id            %id    %sim   %cov   %t5   %gap  %t3   start..stop      pep sz ref sz ref id            definition
gi_395485858.1     92.9   96.8   100.0  0.0   0.0   0.0   25..597          252    252    seg3prot2A        PA-X | PA-X protein
                                                          599..784                                         
gi_395485858.2     96.1   99.2   100.0  0.0   0.0   0.0   25..2175         716    716    seg3prot          PA | polymerase PA


dropping pseudogene gi_395485855.2, fails match requirements: %id 67.3 < 70, %sim 79.0 < 80
gene_id            %id    %sim   %cov   %t5   %gap  %t3   start..stop      pep sz ref sz ref id            definition
gi_395485855.2     67.3   79.0   100.0  0.0   0.0   0.0   119..424         101    101    seg2prot2F        PB1-F2 | PB1-F2 protein
                    stop codon embedded in CDS at 389..391

Sequence               Length  Genes  Pseudogenes  CDS Bases  Peptide Bases  %Ref Identity  %Ref Similarity  %Ref Coverage   Ref DB
gi|395485855|gb|JX17     2341      1            0       2274            757           98.9             99.6          100.0   flua_db
gaps: 

gene_id            %id    %sim   %cov   %t5   %gap  %t3   start..stop      pep sz ref sz ref id            definition
gi_395485855.1     98.9   99.6   100.0  0.0   0.0   0.0   25..2298         757    757    seg2prot1B        PB1 | polymerase PB1


Sequence               Length  Genes  Pseudogenes  CDS Bases  Peptide Bases  %Ref Identity  %Ref Similarity  %Ref Coverage   Ref DB
gi|395485853|gb|JX17     2341      1            0       2280            759           97.2             99.6          100.0   flua_db
gaps: 

gene_id            %id    %sim   %cov   %t5   %gap  %t3   start..stop      pep sz ref sz ref id            definition
gi_395485853.1     97.2   99.6   100.0  0.0   0.0   0.0   28..2307         759    759    Seg1prot          PB2 | polymerase PB2


Sequence               Length  Genes  Pseudogenes  CDS Bases  Peptide Bases  %Ref Identity  %Ref Similarity  %Ref Coverage   Ref DB
gi|388564036|gb|JQ99      890      2            0       1059            351           71.3             90.0           97.8   flua_db
gaps: 

gene_id            %id    %sim   %cov   %t5   %gap  %t3   start..stop      pep sz ref sz ref id            definition
gi_388564036.1     67.4   90.0   96.6   0.0   0.0   3.4   27..719          230    238    seg8prot1Ib       NS1 | nonstructural protein 1
gi_388564036.2     79.3   90.3   100.0  0.0   0.0   0.0   27..56           121    121    seg8prot2A        NEP | nuclear export protein
                                                          529..864                                         


Sequence               Length  Genes  Pseudogenes  CDS Bases  Peptide Bases  %Ref Identity  %Ref Similarity  %Ref Coverage   Ref DB
gi|388564033|gb|JQ99     1027      2            0       1053            349           98.3             98.6          100.0   flua_db
gaps: 

gene_id            %id    %sim   %cov   %t5   %gap  %t3   start..stop      pep sz ref sz ref id            definition
gi_388564033.1     100.0  100.0  100.0  0.0   0.0   0.0   26..784          252    252    seg7prot1         M1 | matrix protein 1
gi_388564033.2     93.8   94.8   100.0  0.0   0.0   0.0   26..51           97     97     seg7prot2A        M2 | matrix protein 2
                                                          740..1007                                        


Sequence               Length  Genes  Pseudogenes  CDS Bases  Peptide Bases  %Ref Identity  %Ref Similarity  %Ref Coverage   Ref DB
gi|298354674|dbj|AB1     1180      1            1        420            139          100.0            100.0          100.0   fluc_db
gaps: 

gene_id            %id    %sim   %cov   %t5   %gap  %t3   start..stop      pep sz ref sz ref id            definition
gi_298354674.1     100.0  100.0  99.6   0.0   0.0   0.4   26..748          241    242    Seg6prot1A        CM1 | CM1 protein
                                                          982..982                                         
                    missing exon 2
gi_298354674.2     100.0  100.0  100.0  0.0   0.0   0.0   731..1150        139    139    Seg6prot2A        CM2 protein | CM2 protein

