2017-07-27 11:18:00


parameters
	bl2seq_extend_hsp	25
	bl2seq_extend_span	50
	candidate_blastopts	-p blastx -M BLOSUM80 -e 1E-5 -g F -v 0 -F \"\" -z 3000000 -b 1000
	candidate_evalue	
	candidate_overlap_threshold	0.8
	candidate_refdb	
	command_line	/usr/local/devel/VIRIFX/software/VIGOR3/prod3/VIGOR3.pl -D hpiv1 -O /home/snettem/vigor_new/hpiv1/TEST/hpiv1 -i /usr/local/devel/VIRIFX/software/VIGOR3.r19/regr_testing/hpiv1.fasta
	default_gene_optional	0
	default_gene_required	0
	default_gene_variation	1
	frameshift_sensitivity	1
	gene_variations	
	jcvi_rules	1
	mature_pep_mincoverage	50
	mature_pep_minidentity	25
	mature_pep_minsimilarity	40
	mature_pep_refdb	/usr/local/devel/VIRIFX/software/VIGOR3.r19/data3/virus_mp
	max_intron_size	7000
	min_candidate_pctsimilarity	60
	min_candidate_sbjcoverage	33
	min_exon_size	3
	min_intron_size	30
	min_pseudogene_coverage	80
	min_pseudogene_identity	70
	min_pseudogene_similarity	80
	noncanonical_splicing_genes	
	optional_genes	
	reference_db	/usr/local/devel/VIRIFX/software/VIGOR3.r19/data3/hpiv1_db
	reference_dbsize	32812
	required_genes	
	ribosomal_slippage_genes	
	rna_editing_genes	
	selectivity	0.985
	slippage_frameshift	-1
	slippage_motif	[NT][NT][NT]AAAC
	slippage_offset	0
	spliced_genes	
	splicesite_extend_range	0
	tile_overlap	1000000
	tile_size	10000000
	use_locus_tags	1
	variation	0.975
	verbose	0
	vigorspace	/usr/local/devel/VIRIFX/software/VIGOR3.r19/prod3/vigorscratch/368753.967647539


Sequence               Length  Genes  Pseudogenes  CDS Bases  Peptide Bases  %Ref Identity  %Ref Similarity  %Ref Coverage   Ref DB
gi|399605605|gb|JQ90    15051      9            4      13002           4328           97.4             99.3           68.9   hpiv1_db
gaps: 2202-2227, 2896-2942, 3577-3641, 6303-7412

gene_id            %id    %sim   %cov   %t5   %gap  %t3   start..stop      pep sz ref sz ref id            definition
gi_399605605.1     98.5   99.6   100.0  0.0   0.0   0.0   21..1595         524    524    sp_P36354_NCAP_PI N | nucleoprotein
gi_399605605.2     95.7   98.0   95.9   0.0   4.1   0.0   1710..2369       219    219    AAA46833.1        C' | C' protein
                    stop codon embedded in CDS at 2151..2153
                    translation exception 1710..1712:M
gi_399605605.3a    93.4   98.7   26.8   0.0   0.0   73.2  1745..>2201      152    568    sp_P32532_PHOSP_P P | putative phosphoprotein, N-terminal
gi_399605605.3b    90.1   95.7   39.1   28.3  0.0   32.6  <2228..>2895     222    568    sp_P32532_PHOSP_P P | putative phosphoprotein, fragment
gi_399605605.3c    97.6   99.7   29.6   70.4  0.0   0.0   <2943..3451      168    568    sp_P32532_PHOSP_P P | putative phosphoprotein, C-terminal
gi_399605605.4     97.4   98.5   95.6   0.0   4.4   0.0   1755..2369       204    204    sp_P32535_C_PI1HE C | C protein
                    stop codon embedded in CDS at 2151..2153
gi_399605605.5     97.1   98.3   95.0   0.0   5.0   0.0   1824..2369       181    181    AAA46832.1        Y1 | Y1 protein
                    stop codon embedded in CDS at 2151..2153
gi_399605605.6     94.6   96.4   94.9   0.0   5.1   0.0   1842..2369       175    175    tr_Q8QT28_9PARA   Y2 | putative Y2 protein
                    stop codon embedded in CDS at 2151..2153
                    translation exception 1842..1844:M
gi_399605605.7a    100.0  100.0  0.6    0.0   0.0   99.4  3570..>3576      2      348    sp_P36355_MATRX_P M | putative matrix protein, N-terminal
gi_399605605.7b    99.7   100.0  93.1   6.9   0.0   0.0   <3642..4616      324    348    sp_P36355_MATRX_P M | putative matrix protein, C-terminal
gi_399605605.8     98.2   99.5   78.9   0.0   0.0   21.1  4989..>6302      438    555    tr_Q77E64_Q77E64_ F | putative fusion glycoprotein F0, N-terminal
gi_399605605.9     97.3   99.9   64.7   35.3  0.0   0.0   <7413..8531      372    575    AAB17182.1        HN | putative hemagglutinin neuraminidase,
                                                                                                           C-terminal
gi_399605605.10    99.0   99.7   95.6   0.0   0.0   4.4   8673..>15051     2126   2223   NP_604442.1       L | putative RNA-directed RNA polymerase L,
                                                                                                           N-terminal


Sequence               Length  Genes  Pseudogenes  CDS Bases  Peptide Bases  %Ref Identity  %Ref Similarity  %Ref Coverage   Ref DB
gi|399605591|gb|JQ90    15442     10            0      16746           5572           98.0             99.5          100.0   hpiv1_db
gaps: 

gene_id            %id    %sim   %cov   %t5   %gap  %t3   start..stop      pep sz ref sz ref id            definition
gi_399605591.1     98.5   99.6   100.0  0.0   0.0   0.0   21..1595         524    524    sp_P36354_NCAP_PI N | nucleoprotein
gi_399605591.2     96.8   99.0   100.0  0.0   0.0   0.0   1710..2369       219    219    AAA46833.1        C' | C' protein
                    translation exception 1710..1712:M
gi_399605591.3     93.7   97.9   100.0  0.0   0.0   0.0   1745..3451       568    568    sp_P32532_PHOSP_P P | phosphoprotein
gi_399605591.4     98.5   99.5   100.0  0.0   0.0   0.0   1755..2369       204    204    sp_P32535_C_PI1HE C | C protein
gi_399605591.5     98.3   99.4   100.0  0.0   0.0   0.0   1824..2369       181    181    AAA46832.1        Y1 | Y1 protein
gi_399605591.6     96.0   97.7   100.0  0.0   0.0   0.0   1842..2369       175    175    tr_Q8QT28_9PARA   Y2 | putative Y2 protein
                    translation exception 1842..1844:M
gi_399605591.7     99.7   100.0  100.0  0.0   0.0   0.0   3570..4616       348    348    sp_P36355_MATRX_P M | matrix protein
gi_399605591.8     97.7   99.7   100.0  0.0   0.0   0.0   4989..6656       555    555    tr_Q77E64_Q77E64_ F | fusion glycoprotein F0
gi_399605591.9     97.0   99.7   100.0  0.0   0.0   0.0   6804..8531       575    575    AAB17172.1        HN | hemagglutinin neuraminidase
gi_399605591.10    99.3   99.8   100.0  0.0   0.0   0.0   8673..15344      2223   2223   NP_604442.1       L | RNA-directed RNA polymerase L


Sequence               Length  Genes  Pseudogenes  CDS Bases  Peptide Bases  %Ref Identity  %Ref Similarity  %Ref Coverage   Ref DB
gi|399605563|gb|JQ90    15443     10            0      16746           5572           97.8             99.3          100.0   hpiv1_db
gaps: 

gene_id            %id    %sim   %cov   %t5   %gap  %t3   start..stop      pep sz ref sz ref id            definition
gi_399605563.1     98.7   99.7   100.0  0.0   0.0   0.0   21..1595         524    524    sp_P36354_NCAP_PI N | nucleoprotein
gi_399605563.2     95.0   98.1   100.0  0.0   0.0   0.0   1710..2369       219    219    AAA46833.1        C' | C' protein
                    translation exception 1710..1712:M
gi_399605563.3     93.8   97.3   100.0  0.0   0.0   0.0   1745..3451       568    568    sp_P32531_PHOSP_P P | phosphoprotein
gi_399605563.4     96.6   98.0   100.0  0.0   0.0   0.0   1755..2369       204    204    sp_P32535_C_PI1HE C | C protein
gi_399605563.5     96.1   97.8   100.0  0.0   0.0   0.0   1824..2369       181    181    AAA46832.1        Y1 | Y1 protein
gi_399605563.6     93.7   97.0   100.0  0.0   0.0   0.0   1842..2369       175    175    tr_Q8QT28_9PARA   Y2 | putative Y2 protein
                    translation exception 1842..1844:M
gi_399605563.7     99.7   100.0  100.0  0.0   0.0   0.0   3570..4616       348    348    sp_P36355_MATRX_P M | matrix protein
gi_399605563.8     98.0   99.7   100.0  0.0   0.0   0.0   4989..6656       555    555    tr_Q77E64_Q77E64_ F | fusion glycoprotein F0
gi_399605563.9     97.6   99.7   100.0  0.0   0.0   0.0   6804..8531       575    575    AAB17172.1        HN | hemagglutinin neuraminidase
gi_399605563.10    99.3   99.9   100.0  0.0   0.0   0.0   8673..15344      2223   2223   NP_604442.1       L | RNA-directed RNA polymerase L


Sequence               Length  Genes  Pseudogenes  CDS Bases  Peptide Bases  %Ref Identity  %Ref Similarity  %Ref Coverage   Ref DB
gi|399605437|gb|JQ90    15516     10            0      16746           5572           97.8             99.3          100.0   hpiv1_db
gaps: 

gene_id            %id    %sim   %cov   %t5   %gap  %t3   start..stop      pep sz ref sz ref id            definition
gi_399605437.1     98.7   99.5   100.0  0.0   0.0   0.0   94..1668         524    524    sp_P36354_NCAP_PI N | nucleoprotein
gi_399605437.2     95.4   98.1   100.0  0.0   0.0   0.0   1783..2442       219    219    AAA46833.1        C' | C' protein
                    translation exception 1783..1785:M
gi_399605437.3     93.8   98.0   100.0  0.0   0.0   0.0   1818..3524       568    568    sp_P32532_PHOSP_P P | phosphoprotein
gi_399605437.4     97.1   98.0   100.0  0.0   0.0   0.0   1828..2442       204    204    sp_P32535_C_PI1HE C | C protein
gi_399605437.5     96.7   97.8   100.0  0.0   0.0   0.0   1897..2442       181    181    AAA46832.1        Y1 | Y1 protein
gi_399605437.6     94.9   97.6   100.0  0.0   0.0   0.0   1915..2442       175    175    tr_Q8QT28_9PARA   Y2 | putative Y2 protein
                    translation exception 1915..1917:M
gi_399605437.7     99.7   100.0  100.0  0.0   0.0   0.0   3643..4689       348    348    sp_P36355_MATRX_P M | matrix protein
gi_399605437.8     97.8   99.7   100.0  0.0   0.0   0.0   5062..6729       555    555    tr_Q77E64_Q77E64_ F | fusion glycoprotein F0
gi_399605437.9     97.0   99.0   100.0  0.0   0.0   0.0   6877..8604       575    575    AAB17172.1        HN | hemagglutinin neuraminidase
gi_399605437.10    99.2   99.9   100.0  0.0   0.0   0.0   8746..15417      2223   2223   NP_604442.1       L | RNA-directed RNA polymerase L


Sequence               Length  Genes  Pseudogenes  CDS Bases  Peptide Bases  %Ref Identity  %Ref Similarity  %Ref Coverage   Ref DB
gi|399605486|gb|JQ90    15534     10            0      16746           5572           97.8             99.4          100.0   hpiv1_db
gaps: 

gene_id            %id    %sim   %cov   %t5   %gap  %t3   start..stop      pep sz ref sz ref id            definition
gi_399605486.1     98.3   99.6   100.0  0.0   0.0   0.0   92..1666         524    524    sp_P36354_NCAP_PI N | nucleoprotein
gi_399605486.2     96.3   98.4   100.0  0.0   0.0   0.0   1781..2440       219    219    AAA46833.1        C' | C' protein
                    translation exception 1781..1783:M
gi_399605486.3     93.1   97.7   100.0  0.0   0.0   0.0   1816..3522       568    568    sp_P32532_PHOSP_P P | phosphoprotein
gi_399605486.4     97.1   98.9   100.0  0.0   0.0   0.0   1826..2440       204    204    sp_P32535_C_PI1HE C | C protein
gi_399605486.5     97.8   98.9   100.0  0.0   0.0   0.0   1895..2440       181    181    AAA46832.1        Y1 | Y1 protein
gi_399605486.6     95.4   97.1   100.0  0.0   0.0   0.0   1913..2440       175    175    tr_Q8QT28_9PARA   Y2 | putative Y2 protein
                    translation exception 1913..1915:M
gi_399605486.7     99.7   100.0  100.0  0.0   0.0   0.0   3641..4687       348    348    sp_P36355_MATRX_P M | matrix protein
gi_399605486.8     97.7   99.7   100.0  0.0   0.0   0.0   5060..6727       555    555    tr_Q77E64_Q77E64_ F | fusion glycoprotein F0
gi_399605486.9     96.7   99.7   100.0  0.0   0.0   0.0   6875..8602       575    575    AAB17172.1        HN | hemagglutinin neuraminidase
gi_399605486.10    99.3   99.8   100.0  0.0   0.0   0.0   8744..15415      2223   2223   NP_604442.1       L | RNA-directed RNA polymerase L


Sequence               Length  Genes  Pseudogenes  CDS Bases  Peptide Bases  %Ref Identity  %Ref Similarity  %Ref Coverage   Ref DB
399605486_part1          1470      1            0       1377            459           98.9             99.8           87.6   hpiv1_db
gaps: 

gene_id            %id    %sim   %cov   %t5   %gap  %t3   start..stop      pep sz ref sz ref id            definition
399605486_part1.1  98.9   99.9   87.6   0.0   0.0   12.4  92..>1470        459    524    sp_P36354_NCAP_PI N | putative nucleoprotein, N-terminal


Sequence               Length  Genes  Pseudogenes  CDS Bases  Peptide Bases  %Ref Identity  %Ref Similarity  %Ref Coverage   Ref DB
399605486_part2          1330      6            0       3529           1171           94.1             97.8           62.6   hpiv1_db
gaps: 

gene_id            %id    %sim   %cov   %t5   %gap  %t3   start..stop      pep sz ref sz ref id            definition
399605486_part2.1  93.8   97.7   12.2   87.8  0.0   0.0   <1..196          64     524    sp_P36354_NCAP_PI N | putative nucleoprotein, C-terminal
399605486_part2.2  96.3   98.4   100.0  0.0   0.0   0.0   311..970         219    219    AAA46833.1        C' | C' protein
                    translation exception 311..313:M
399605486_part2.3  90.9   97.1   57.7   0.0   0.0   42.3  346..>1330       328    568    sp_P32532_PHOSP_P P | putative phosphoprotein, N-terminal
399605486_part2.4  97.1   98.9   100.0  0.0   0.0   0.0   356..970         204    204    sp_P32535_C_PI1HE C | C protein
399605486_part2.5  97.8   98.9   100.0  0.0   0.0   0.0   425..970         181    181    AAA46832.1        Y1 | Y1 protein
399605486_part2.6  95.4   97.1   100.0  0.0   0.0   0.0   443..970         175    175    tr_Q8QT28_9PARA   Y2 | putative Y2 protein
                    translation exception 443..445:M


Sequence               Length  Genes  Pseudogenes  CDS Bases  Peptide Bases  %Ref Identity  %Ref Similarity  %Ref Coverage   Ref DB
399605486_part3           490      1            0        488            162           97.5             99.6           28.5   hpiv1_db
gaps: 

gene_id            %id    %sim   %cov   %t5   %gap  %t3   start..stop      pep sz ref sz ref id            definition
399605486_part3.1  97.5   99.7   28.5   57.9  0.0   13.6  <1..>490         162    568    sp_P32531_PHOSP_P P | putative phosphoprotein, fragment


Sequence               Length  Genes  Pseudogenes  CDS Bases  Peptide Bases  %Ref Identity  %Ref Similarity  %Ref Coverage   Ref DB
399605486_part4          1330      2            0       1210            402           98.3             99.8           43.9   hpiv1_db
gaps: 

gene_id            %id    %sim   %cov   %t5   %gap  %t3   start..stop      pep sz ref sz ref id            definition
399605486_part4.1  97.4   99.7   13.4   86.6  0.0   0.0   <1..232          76     568    sp_P32531_PHOSP_P P | putative phosphoprotein, C-terminal
399605486_part4.2  99.7   100.0  93.7   0.0   0.0   6.3   351..>1330       326    348    NP_604439.1       M | putative matrix protein, N-terminal


Sequence               Length  Genes  Pseudogenes  CDS Bases  Peptide Bases  %Ref Identity  %Ref Similarity  %Ref Coverage   Ref DB
399605486_part5         10430      4            0       9769           3253           98.7             99.8           87.9   hpiv1_db
gaps: 

gene_id            %id    %sim   %cov   %t5   %gap  %t3   start..stop      pep sz ref sz ref id            definition
399605486_part5.1  100.0  100.0  6.0    94.0  0.0   0.0   <1..67           21     348    sp_P36355_MATRX_P M | putative matrix protein, C-terminal
399605486_part5.2  97.7   99.7   100.0  0.0   0.0   0.0   440..2107        555    555    tr_Q77E64_Q77E64_ F | fusion glycoprotein F0
399605486_part5.3  96.7   99.7   100.0  0.0   0.0   0.0   2255..3982       575    575    AAB17172.1        HN | hemagglutinin neuraminidase
399605486_part5.4  99.3   99.8   94.6   0.0   0.0   5.4   4124..>10430     2102   2223   NP_604442.1       L | putative RNA-directed RNA polymerase L,
                                                                                                           N-terminal


Sequence               Length  Genes  Pseudogenes  CDS Bases  Peptide Bases  %Ref Identity  %Ref Similarity  %Ref Coverage   Ref DB
399605486_part6           484      1            0        365            120           98.3             99.2            5.4   hpiv1_db
gaps: 

gene_id            %id    %sim   %cov   %t5   %gap  %t3   start..stop      pep sz ref sz ref id            definition
399605486_part6.1  98.3   99.2   5.4    94.6  0.0   0.0   <1..365          120    2223   AAD23456.1        L | putative RNA-directed RNA polymerase L,
                                                                                                           C-terminal

